Component: ARM Compiler 5.06 update 6 (build 750) Tool: armlink [4d35ed]

==============================================================================

Section Cross References

    main.o(i.hal_low_power_io_init) refers to gpio.o(i.hal_gpio_pull_set) for hal_gpio_pull_set
    main.o(i.hal_low_power_io_init) refers to pwrmgr.o(i.hal_pwrmgr_RAM_retention) for hal_pwrmgr_RAM_retention
    main.o(i.hal_low_power_io_init) refers to pwrmgr.o(i.hal_pwrmgr_RAM_retention_set) for hal_pwrmgr_RAM_retention_set
    main.o(i.hal_low_power_io_init) refers to main.o(.constdata) for .constdata
    main.o(i.hal_rfphy_init) refers to clock.o(i.hal_rc32k_clk_tracking_init) for hal_rc32k_clk_tracking_init
    main.o(i.hal_rfphy_init) refers to patch.o(i.hal_rom_boot_init) for hal_rom_boot_init
    main.o(i.hal_rfphy_init) refers to main.o(i.NVIC_SetPriority) for NVIC_SetPriority
    main.o(i.hal_rfphy_init) refers to main.o(.bss) for .bss
    main.o(i.main) refers to watchdog.o(i.watchdog_config) for watchdog_config
    main.o(i.main) refers to patch.o(_section_xip_code_) for init_config
    main.o(i.main) refers to patch.o(i.ll_patch_slave) for ll_patch_slave
    main.o(i.main) refers to main.o(i.hal_rfphy_init) for hal_rfphy_init
    main.o(i.main) refers to main.o(i.hal_low_power_io_init) for hal_low_power_io_init
    main.o(i.main) refers to clock.o(i.hal_rtc_clock_config) for hal_rtc_clock_config
    main.o(i.main) refers to pwrmgr.o(i.hal_pwrmgr_init) for hal_pwrmgr_init
    main.o(i.main) refers to flash.o(i.hal_spif_cache_init) for hal_spif_cache_init
    main.o(i.main) refers to gpio.o(i.hal_gpio_init) for hal_gpio_init
    main.o(i.main) refers to fs.o(i.hal_fs_init) for hal_fs_init
    main.o(i.main) refers to simplebleperipheral_main.o(i.app_main) for app_main
    main.o(i.main) refers to main.o(.data) for .data
    main.o(i.main) refers to main.o(.constdata) for .constdata
    uart.o(_section_sram_code_) refers to pwrmgr.o(i.hal_pwrmgr_unlock) for hal_pwrmgr_unlock
    uart.o(_section_sram_code_) refers to uart.o(.bss) for .bss
    uart.o(_section_sram_code_) refers to uart.o(.constdata) for .constdata
    uart.o(i.hal_uart_deinit) refers to uart.o(i.uart_hw_deinit) for uart_hw_deinit
    uart.o(i.hal_uart_deinit) refers to pwrmgr.o(i.hal_pwrmgr_unregister) for hal_pwrmgr_unregister
    uart.o(i.hal_uart_deinit) refers to uart.o(.bss) for .bss
    uart.o(i.hal_uart_get_tx_ready) refers to uart.o(.bss) for .bss
    uart.o(i.hal_uart_init) refers to uart.o(i.uart_hw_init) for uart_hw_init
    uart.o(i.hal_uart_init) refers to pwrmgr.o(i.hal_pwrmgr_register) for hal_pwrmgr_register
    uart.o(i.hal_uart_init) refers to uart.o(.bss) for .bss
    uart.o(i.hal_uart_init) refers to uart.o(i.uart_wakeup_process_1) for uart_wakeup_process_1
    uart.o(i.hal_uart_init) refers to uart.o(i.uart_wakeup_process_0) for uart_wakeup_process_0
    uart.o(i.hal_uart_send_buff) refers to uart.o(i.txmit_buf_use_tx_buf) for txmit_buf_use_tx_buf
    uart.o(i.hal_uart_send_buff) refers to uart.o(i.txmit_buf_polling) for txmit_buf_polling
    uart.o(i.hal_uart_send_buff) refers to uart.o(.bss) for .bss
    uart.o(i.hal_uart_set_tx_buf) refers to uart.o(.bss) for .bss
    uart.o(i.txmit_buf_use_tx_buf) refers to pwrmgr.o(i.hal_pwrmgr_lock) for hal_pwrmgr_lock
    uart.o(i.txmit_buf_use_tx_buf) refers to uart.o(.bss) for .bss
    uart.o(i.uart_hw_deinit) refers to gpio.o(i.hal_gpio_fmux) for hal_gpio_fmux
    uart.o(i.uart_hw_deinit) refers to clock.o(i.hal_clk_reset) for hal_clk_reset
    uart.o(i.uart_hw_deinit) refers to clock.o(i.hal_clk_gate_disable) for hal_clk_gate_disable
    uart.o(i.uart_hw_deinit) refers to uart.o(.bss) for .bss
    uart.o(i.uart_hw_init) refers to uart.o(i.uart_hw_deinit) for uart_hw_deinit
    uart.o(i.uart_hw_init) refers to clock.o(i.hal_clk_gate_enable) for hal_clk_gate_enable
    uart.o(i.uart_hw_init) refers to clock.o(i.hal_clk_reset) for hal_clk_reset
    uart.o(i.uart_hw_init) refers to gpio.o(i.hal_gpio_pull_set) for hal_gpio_pull_set
    uart.o(i.uart_hw_init) refers to gpio.o(i.hal_gpio_fmux_set) for hal_gpio_fmux_set
    uart.o(i.uart_hw_init) refers to uart.o(.bss) for .bss
    uart.o(i.uart_hw_init) refers to uart.o(_section_sram_code_) for hal_UART1_IRQHandler
    uart.o(i.uart_wakeup_process_0) refers to uart.o(i.uart_hw_init) for uart_hw_init
    uart.o(i.uart_wakeup_process_1) refers to uart.o(i.uart_hw_init) for uart_hw_init
    clock.o(i.hal_rtc_clock_config) refers to gpio.o(i.hal_gpio_pull_set) for hal_gpio_pull_set
    gpio.o(i.hal_GPIO_IRQHandler) refers to gpio.o(i.hal_gpioin_event) for hal_gpioin_event
    gpio.o(i.hal_gpio_cfg_analog_io) refers to gpio.o(i.hal_gpio_pull_set) for hal_gpio_pull_set
    gpio.o(i.hal_gpio_fmux_set) refers to gpio.o(i.hal_gpio_fmux) for hal_gpio_fmux
    gpio.o(i.hal_gpio_init) refers to gpio.o(i.NVIC_SetPriority) for NVIC_SetPriority
[...]
    g_ota_sec_key_valid                      0x1fff51ec   Data           1  phy_sec_ext.o(.data)
    g_ATT_MTU_SIZE_MAX                       0x1fff51ee   Data           2  att_util.o(.data)
    g_ATT_MAX_NUM_HANDLES_INFO               0x1fff51f0   Data           2  att_util.o(.data)
    g_ATT_MAX_NUM_HANDLES                    0x1fff51f2   Data           2  att_util.o(.data)
    gAttMtuSize                              0x1fff51f4   Data           2  att_util.o(.data)
    g_attMtuClientServer                     0x1fff51f6   Data           4  att_util.o(.data)
    gapAppTaskID                             0x1fff51fa   Data           1  gap_configmgr.o(.data)
    gapProfileRole                           0x1fff51fb   Data           1  gap_configmgr.o(.data)
    gapDeviceAddrMode                        0x1fff51fc   Data           1  gap_configmgr.o(.data)
    gapAutoAdvPrivateAddrChange              0x1fff51fd   Data           1  gap_configmgr.o(.data)
    gapPrivateAddrChangeTimeout              0x1fff51fe   Data           2  gap_configmgr.o(.data)
    pEstLink                                 0x1fff5258   Data           4  gap_linkmgr.o(.data)
    pAuthLink                                0x1fff525c   Data           4  gap_linkmgr.o(.data)
    pfnCentralConnCBs                        0x1fff5260   Data           4  gap_linkmgr.o(.data)
    gapUnwantedTaskID                        0x1fff5280   Data           1  gap_task.o(.data)
    gapTaskID                                0x1fff5281   Data           1  gap_task.o(.data)
    pfnPeripheralCBs                         0x1fff5284   Data           4  gap_task.o(.data)
    reqTaskId                                0x1fff528c   Data           1  gatt_server.o(.data)
    serverInfoTbl                            0x1fff5294   Data           8  gatt_server.o(.data)
    gattTaskID                               0x1fff529c   Data           1  gatt_task.o(.data)
    l2capTaskID                              0x1fff52a9   Data           1  l2cap_task.o(.data)
    smTaskID                                 0x1fff52b8   Data           1  sm_task.o(.data)
    pGapDiscReq                              0x1fff52bc   Data           4  gap_devmgr.o(.data)
    pGapAdvertState                          0x1fff52c0   Data           4  gap_devmgr.o(.data)
    l2capExtendFragments                     0x1fff52c4   Data           1  l2cap_util.o(.data)
    currSeqNum                               0x1fff52c6   Data           2  l2cap_util.o(.data)
    pPairingParams                           0x1fff52cc   Data           4  sm_pairing.o(.data)
    pfnResponderCBs                          0x1fff52d0   Data           4  sm_pairing.o(.data)
    pwroff_register_number                   0x1fff52d8   Data           1  pwrmgr.o(_section_standby_code_)
    s_pwroff_cfg                             0x1fff52da   Data          12  pwrmgr.o(_section_standby_code_)
    g_pConnectionBuffer                      0x1fff52e8   Data         480  main.o(.bss)
    pConnContext                             0x1fff54c8   Data         644  main.o(.bss)
    g_largeHeap                              0x1fff574c   Data        4096  main.o(.bss)
    s_ota_app                                0x1fff6c8d   Data         103  ota_app_service.o(.bss)
    g_perStatsByChanTest                     0x1fff6d1c   Data         444  simplebleperipheral.o(.bss)
    g_ota_sec_key                            0x1fff6ef8   Data          16  phy_sec_ext.o(.bss)
    l2capFixedChannels                       0x1fff6f24   Data          16  l2cap_task.o(.bss)
    l2capChannels                            0x1fff6f34   Data          30  l2cap_task.o(.bss)
    smState_CBTimer                          0x1fff6f90   Data          15  sm_rsppairing.o(.bss)
    l2capReassemblePkt                       0x1fff6fa0   Data          16  l2cap_util.o(.bss)
    l2capSegmentPkt                          0x1fff6fb0   Data          92  l2cap_util.o(.bss)
    g_sarDbgCnt                              0x1fff700c   Data          52  l2cap_util.o(.bss)
    smTO_CBTimer                             0x1fff7040   Data          15  sm_mgr.o(.bss)
    __initial_sp                             0x1fff7450   Data           0  startup_armcm0.o(STACK)



==============================================================================

Memory Map of the image

  Image Entry point : 0x1fff1841

  Load Region LR_IROM1 (Base: 0x1fff1838, Size: 0x00003ab0, Max: 0x0000e7c8, ABSOLUTE, COMPRESSED[0x00003818])

    Execution Region ER_IROM1 (Exec base: 0x1fff1838, Load base: 0x1fff1838, Size: 0x00005c18, Max: 0x0000e7c8, ABSOLUTE, COMPRESSED[0x00000188])

    Exec Addr    Load Addr    Size         Type   Attr      Idx    E Section Name        Object

    0x1fff1838   0x1fff1838   0x00000008   Data   RO         2192    RESET               startup_armcm0.o
    0x1fff1840   0x1fff1840   0x00000000   Code   RO         3304  * .ARM.Collect$$$$00000000  mc_p.l(entry.o)
    0x1fff1840   0x1fff1840   0x00000004   Code   RO         3568    .ARM.Collect$$$$00000001  mc_p.l(entry2.o)
    0x1fff1844   0x1fff1844   0x00000004   Code   RO         3571    .ARM.Collect$$$$00000004  mc_p.l(entry5.o)
    0x1fff1848   0x1fff1848   0x00000000   Code   RO         3573    .ARM.Collect$$$$00000008  mc_p.l(entry7b.o)
    0x1fff1848   0x1fff1848   0x00000000   Code   RO         3575    .ARM.Collect$$$$0000000A  mc_p.l(entry8b.o)
    0x1fff1848   0x1fff1848   0x00000008   Code   RO         3576    .ARM.Collect$$$$0000000B  mc_p.l(entry9a.o)
    0x1fff1850   0x1fff1850   0x00000000   Code   RO         3578    .ARM.Collect$$$$0000000D  mc_p.l(entry10a.o)
    0x1fff1850   0x1fff1850   0x00000000   Code   RO         3580    .ARM.Collect$$$$0000000F  mc_p.l(entry11a.o)
    0x1fff1850   0x1fff1850   0x00000004   Code   RO         3569    .ARM.Collect$$$$00002712  mc_p.l(entry2.o)
    0x1fff1854   0x1fff1854   0x00000030   Code   RO         2058    .emb_text           jump_table.o
    0x1fff1884   0x1fff1884   0x00000014   Code   RO         2193    .text               startup_armcm0.o
    0x1fff1898   0x1fff1898   0x00000024   Code   RO         3598    .text               mc_p.l(init.o)
    0x1fff18bc   0x1fff18bc   0x00000056   Code   RO         3620    .text               mc_p.l(__dczerorl2.o)
    0x1fff1912   COMPRESSED   0x00000002   PAD
    0x1fff1914   0x1fff1914   0x0000000c   Ven    RO         3622    Veneer$$Code        anon$$obj.o
    0x1fff1920   0x1fff1920   0x0000000c   Ven    RO         3623    Veneer$$Code        anon$$obj.o
    0x1fff192c   0x1fff192c   0x0000000c   Ven    RO         3624    Veneer$$Code        anon$$obj.o
    0x1fff1938   0x1fff1938   0x0000000c   Ven    RO         3625    Veneer$$Code        anon$$obj.o
    0x1fff1944   0x1fff1944   0x0000000c   Ven    RO         3626    Veneer$$Code        anon$$obj.o
    0x1fff1950   0x1fff1950   0x0000000c   Ven    RO         3627    Veneer$$Code        anon$$obj.o
    0x1fff195c   0x1fff195c   0x0000000c   Ven    RO         3628    Veneer$$Code        anon$$obj.o
    0x1fff1968   0x1fff1968   0x0000000c   Ven    RO         3629    Veneer$$Code        anon$$obj.o
    0x1fff1974   0x1fff1974   0x0000000c   Ven    RO         3630    Veneer$$Code        anon$$obj.o
    0x1fff1980   0x1fff1980   0x0000000c   Ven    RO         3631    Veneer$$Code        anon$$obj.o
    0x1fff198c   0x1fff198c   0x0000000c   Ven    RO         3632    Veneer$$Code        anon$$obj.o
    0x1fff1998   0x1fff1998   0x0000000c   Ven    RO         3633    Veneer$$Code        anon$$obj.o
    0x1fff19a4   0x1fff19a4   0x0000000c   Ven    RO         3634    Veneer$$Code        anon$$obj.o
    0x1fff19b0   0x1fff19b0   0x0000000c   Ven    RO         3635    Veneer$$Code        anon$$obj.o
    0x1fff19bc   0x1fff19bc   0x0000000c   Ven    RO         3636    Veneer$$Code        anon$$obj.o
    0x1fff19c8   0x1fff19c8   0x0000000c   Ven    RO         3637    Veneer$$Code        anon$$obj.o
    0x1fff19d4   0x1fff19d4   0x0000000c   Ven    RO         3638    Veneer$$Code        anon$$obj.o
    0x1fff19e0   0x1fff19e0   0x0000000c   Ven    RO         3639    Veneer$$Code        anon$$obj.o
    0x1fff19ec   0x1fff19ec   0x0000000c   Ven    RO         3640    Veneer$$Code        anon$$obj.o
    0x1fff19f8   0x1fff19f8   0x0000000c   Ven    RO         3641    Veneer$$Code        anon$$obj.o
    0x1fff1a04   0x1fff1a04   0x0000000c   Ven    RO         3642    Veneer$$Code        anon$$obj.o
    0x1fff1a10   0x1fff1a10   0x0000000c   Ven    RO         3643    Veneer$$Code        anon$$obj.o
    0x1fff1a1c   0x1fff1a1c   0x0000000c   Ven    RO         3644    Veneer$$Code        anon$$obj.o
    0x1fff1a28   0x1fff1a28   0x0000000c   Ven    RO         3645    Veneer$$Code        anon$$obj.o
    0x1fff1a34   0x1fff1a34   0x0000000c   Ven    RO         3646    Veneer$$Code        anon$$obj.o
    0x1fff1a40   0x1fff1a40   0x0000000c   Ven    RO         3647    Veneer$$Code        anon$$obj.o
    0x1fff1a4c   0x1fff1a4c   0x0000000c   Ven    RO         3648    Veneer$$Code        anon$$obj.o
    0x1fff1a58   0x1fff1a58   0x0000000c   Ven    RO         3649    Veneer$$Code        anon$$obj.o
    0x1fff1a64   0x1fff1a64   0x0000000c   Ven    RO         3650    Veneer$$Code        anon$$obj.o
    0x1fff1a70   0x1fff1a70   0x0000000c   Ven    RO         3651    Veneer$$Code        anon$$obj.o
    0x1fff1a7c   0x1fff1a7c   0x0000000c   Ven    RO         3652    Veneer$$Code        anon$$obj.o
    0x1fff1a88   0x1fff1a88   0x0000000c   Ven    RO         3653    Veneer$$Code        anon$$obj.o
    0x1fff1a94   0x1fff1a94   0x0000000c   Ven    RO         3654    Veneer$$Code        anon$$obj.o
    0x1fff1aa0   0x1fff1aa0   0x0000000c   Ven    RO         3655    Veneer$$Code        anon$$obj.o
    0x1fff1aac   0x1fff1aac   0x0000000c   Ven    RO         3656    Veneer$$Code        anon$$obj.o
    0x1fff1ab8   0x1fff1ab8   0x0000000c   Ven    RO         3657    Veneer$$Code        anon$$obj.o
    0x1fff1ac4   0x1fff1ac4   0x0000000c   Ven    RO         3658    Veneer$$Code        anon$$obj.o
    0x1fff1ad0   0x1fff1ad0   0x0000000c   Ven    RO         3659    Veneer$$Code        anon$$obj.o
    0x1fff1adc   0x1fff1adc   0x0000000c   Ven    RO         3660    Veneer$$Code        anon$$obj.o
    0x1fff1ae8   0x1fff1ae8   0x0000000c   Ven    RO         3661    Veneer$$Code        anon$$obj.o
    0x1fff1af4   0x1fff1af4   0x0000000c   Ven    RO         3662    Veneer$$Code        anon$$obj.o
    0x1fff1b00   0x1fff1b00   0x0000000c   Ven    RO         3663    Veneer$$Code        anon$$obj.o
    0x1fff1b0c   0x1fff1b0c   0x0000000c   Ven    RO         3664    Veneer$$Code        anon$$obj.o
    0x1fff1b18   0x1fff1b18   0x0000000c   Ven    RO         3665    Veneer$$Code        anon$$obj.o
    0x1fff1b24   0x1fff1b24   0x0000000c   Ven    RO         3666    Veneer$$Code        anon$$obj.o
    0x1fff1b30   0x1fff1b30   0x0000000c   Ven    RO         3667    Veneer$$Code        anon$$obj.o
    0x1fff1b3c   0x1fff1b3c   0x0000000c   Ven    RO         3668    Veneer$$Code        anon$$obj.o
    0x1fff1b48   0x1fff1b48   0x0000000c   Ven    RO         3669    Veneer$$Code        anon$$obj.o
    0x1fff1b54   0x1fff1b54   0x0000000c   Ven    RO         3670    Veneer$$Code        anon$$obj.o
    0x1fff1b60   0x1fff1b60   0x0000000c   Ven    RO         3671    Veneer$$Code        anon$$obj.o
    0x1fff1b6c   0x1fff1b6c   0x0000000c   Ven    RO         3672    Veneer$$Code        anon$$obj.o
    0x1fff1b78   0x1fff1b78   0x0000000c   Ven    RO         3673    Veneer$$Code        anon$$obj.o
    0x1fff1b84   0x1fff1b84   0x0000000c   Ven    RO         3674    Veneer$$Code        anon$$obj.o
    0x1fff1b90   0x1fff1b90   0x0000000c   Ven    RO         3675    Veneer$$Code        anon$$obj.o
    0x1fff1b9c   0x1fff1b9c   0x0000000c   Ven    RO         3676    Veneer$$Code        anon$$obj.o
    0x1fff1ba8   0x1fff1ba8   0x0000000c   Ven    RO         3677    Veneer$$Code        anon$$obj.o
    0x1fff1bb4   0x1fff1bb4   0x0000000c   Ven    RO         3678    Veneer$$Code        anon$$obj.o
    0x1fff1bc0   0x1fff1bc0   0x0000000c   Ven    RO         3679    Veneer$$Code        anon$$obj.o
    0x1fff1bcc   0x1fff1bcc   0x0000000c   Ven    RO         3680    Veneer$$Code        anon$$obj.o
    0x1fff1bd8   0x1fff1bd8   0x0000000c   Ven    RO         3681    Veneer$$Code        anon$$obj.o
    0x1fff1be4   0x1fff1be4   0x0000000c   Ven    RO         3682    Veneer$$Code        anon$$obj.o
    0x1fff1bf0   0x1fff1bf0   0x0000000c   Ven    RO         3683    Veneer$$Code        anon$$obj.o
    0x1fff1bfc   0x1fff1bfc   0x0000000c   Ven    RO         3684    Veneer$$Code        anon$$obj.o
    0x1fff1c08   0x1fff1c08   0x0000000c   Ven    RO         3685    Veneer$$Code        anon$$obj.o
    0x1fff1c14   0x1fff1c14   0x0000000c   Ven    RO         3686    Veneer$$Code        anon$$obj.o
    0x1fff1c20   0x1fff1c20   0x0000000c   Ven    RO         3687    Veneer$$Code        anon$$obj.o
    0x1fff1c2c   0x1fff1c2c   0x0000000c   Ven    RO         3688    Veneer$$Code        anon$$obj.o
    0x1fff1c38   0x1fff1c38   0x0000000c   Ven    RO         3689    Veneer$$Code        anon$$obj.o
    0x1fff1c44   0x1fff1c44   0x0000000c   Ven    RO         3690    Veneer$$Code        anon$$obj.o
    0x1fff1c50   0x1fff1c50   0x0000000c   Ven    RO         3691    Veneer$$Code        anon$$obj.o
    0x1fff1c5c   0x1fff1c5c   0x0000000c   Ven    RO         3692    Veneer$$Code        anon$$obj.o
    0x1fff1c68   0x1fff1c68   0x0000000c   Ven    RO         3693    Veneer$$Code        anon$$obj.o
    0x1fff1c74   0x1fff1c74   0x0000000c   Ven    RO         3694    Veneer$$Code        anon$$obj.o
    0x1fff1c80   0x1fff1c80   0x0000000c   Ven    RO         3695    Veneer$$Code        anon$$obj.o
    0x1fff1c8c   0x1fff1c8c   0x0000000c   Ven    RO         3696    Veneer$$Code        anon$$obj.o
    0x1fff1c98   0x1fff1c98   0x0000000c   Ven    RO         3697    Veneer$$Code        anon$$obj.o
    0x1fff1ca4   0x1fff1ca4   0x0000000c   Ven    RO         3698    Veneer$$Code        anon$$obj.o
    0x1fff1cb0   0x1fff1cb0   0x0000000c   Ven    RO         3699    Veneer$$Code        anon$$obj.o
    0x1fff1cbc   0x1fff1cbc   0x0000000c   Ven    RO         3700    Veneer$$Code        anon$$obj.o
    0x1fff1cc8   0x1fff1cc8   0x0000000c   Ven    RO         3701    Veneer$$Code        anon$$obj.o
    0x1fff1cd4   0x1fff1cd4   0x0000000c   Ven    RO         3702    Veneer$$Code        anon$$obj.o
    0x1fff1ce0   0x1fff1ce0   0x0000000c   Ven    RO         3703    Veneer$$Code        anon$$obj.o
    0x1fff1cec   0x1fff1cec   0x0000000c   Ven    RO         3704    Veneer$$Code        anon$$obj.o
    0x1fff1cf8   0x1fff1cf8   0x0000000c   Ven    RO         3705    Veneer$$Code        anon$$obj.o
    0x1fff1d04   0x1fff1d04   0x0000000c   Ven    RO         3706    Veneer$$Code        anon$$obj.o
    0x1fff1d10   0x1fff1d10   0x0000000c   Ven    RO         3707    Veneer$$Code        anon$$obj.o
    0x1fff1d1c   0x1fff1d1c   0x0000000c   Ven    RO         3708    Veneer$$Code        anon$$obj.o
    0x1fff1d28   0x1fff1d28   0x0000000c   Ven    RO         3709    Veneer$$Code        anon$$obj.o
    0x1fff1d34   0x1fff1d34   0x0000000c   Ven    RO         3710    Veneer$$Code        anon$$obj.o
    0x1fff1d40   0x1fff1d40   0x0000000c   Ven    RO         3711    Veneer$$Code        anon$$obj.o
    0x1fff1d4c   0x1fff1d4c   0x0000000c   Ven    RO         3712    Veneer$$Code        anon$$obj.o
    0x1fff1d58   0x1fff1d58   0x0000000c   Ven    RO         3713    Veneer$$Code        anon$$obj.o
    0x1fff1d64   0x1fff1d64   0x0000000c   Ven    RO         3714    Veneer$$Code        anon$$obj.o
    0x1fff1d70   0x1fff1d70   0x0000000c   Ven    RO         3715    Veneer$$Code        anon$$obj.o
    0x1fff1d7c   0x1fff1d7c   0x0000000c   Ven    RO         3716    Veneer$$Code        anon$$obj.o
    0x1fff1d88   0x1fff1d88   0x0000000c   Ven    RO         3717    Veneer$$Code        anon$$obj.o
    0x1fff1d94   0x1fff1d94   0x0000000c   Ven    RO         3718    Veneer$$Code        anon$$obj.o
    0x1fff1da0   0x1fff1da0   0x0000000c   Ven    RO         3719    Veneer$$Code        anon$$obj.o
    0x1fff1dac   0x1fff1dac   0x0000000c   Ven    RO         3720    Veneer$$Code        anon$$obj.o
    0x1fff1db8   0x1fff1db8   0x0000000c   Ven    RO         3721    Veneer$$Code        anon$$obj.o
    0x1fff1dc4   0x1fff1dc4   0x0000000c   Ven    RO         3722    Veneer$$Code        anon$$obj.o
    0x1fff1dd0   0x1fff1dd0   0x0000000c   Ven    RO         3723    Veneer$$Code        anon$$obj.o
    0x1fff1ddc   0x1fff1ddc   0x0000000c   Ven    RO         3724    Veneer$$Code        anon$$obj.o
    0x1fff1de8   0x1fff1de8   0x0000000c   Ven    RO         3725    Veneer$$Code        anon$$obj.o
    0x1fff1df4   0x1fff1df4   0x0000000c   Ven    RO         3726    Veneer$$Code        anon$$obj.o
    0x1fff1e00   0x1fff1e00   0x0000000c   Ven    RO         3727    Veneer$$Code        anon$$obj.o
    0x1fff1e0c   0x1fff1e0c   0x0000014c   Code   RO          175    _section_sram_code_  uart.o
    0x1fff1f58   0x1fff1f58   0x000000b4   Code   RO          681    _section_sram_code_  watchdog.o
    0x1fff200c   0x1fff200c   0x00000044   Code   RO          723    _section_sram_code_  pwrmgr.o
    0x1fff2050   0x1fff2050   0x00000038   Code   RO         1101    _section_sram_code_  flash.o
    0x1fff2088   0x1fff2088   0x000000a8   Code   RO         3065    _section_sram_code_  ble_host.lib(l2cap_util.o)
    0x1fff2130   0x1fff2130   0x00000028   Code   RO         2239    i.HCI_LE_LtkReqNegReplyCmd  rf.lib(patch.o)
    0x1fff2158   0x1fff2158   0x00000028   Code   RO         2240    i.HCI_LE_LtkReqReplyCmd  rf.lib(patch.o)
    0x1fff2180   0x1fff2180   0x0000001a   Code   RO         2244    i.LL_ENC_AES128_Encrypt1  rf.lib(patch.o)
    0x1fff219a   COMPRESSED   0x00000002   PAD
    0x1fff219c   0x1fff219c   0x00000178   Code   RO         2245    i.LL_ENC_Decrypt1   rf.lib(patch.o)
    0x1fff2314   0x1fff2314   0x00000160   Code   RO         2246    i.LL_ENC_Encrypt1   rf.lib(patch.o)
    0x1fff2474   0x1fff2474   0x0000004c   Code   RO         2247    i.LL_EncLtkNegReply  rf.lib(patch.o)
    0x1fff24c0   0x1fff24c0   0x00000058   Code   RO         2248    i.LL_EncLtkReply    rf.lib(patch.o)
    0x1fff2518   0x1fff2518   0x00000180   Code   RO         2249    i.LL_IRQHandler1    rf.lib(patch.o)
    0x1fff2698   0x1fff2698   0x000001ec   Code   RO         2254    i.LL_SetAdvControl1  rf.lib(patch.o)
    0x1fff2884   0x1fff2884   0x00000050   Code   RO         2255    i.LL_SetAdvParam1   rf.lib(patch.o)
    0x1fff28d4   0x1fff28d4   0x00000030   Code   RO         2256    i.LL_SetDataLengh1  rf.lib(patch.o)
    0x1fff2904   0x1fff2904   0x00000014   Code   RO         2260    i.LL_set_default_conn_params1  rf.lib(patch.o)
    0x1fff2918   0x1fff2918   0x00000014   Code   RO         2262    i.NVIC_EnableIRQ    rf.lib(patch.o)
    0x1fff292c   0x1fff292c   0x00000044   Code   RO            3    i.NVIC_SetPriority  main.o
    0x1fff2970   0x1fff2970   0x00000044   Code   RO          725    i.NVIC_SetPriority  pwrmgr.o
    0x1fff29b4   0x1fff29b4   0x00000010   Code   RO         2200    i.SystemInit        system_armcm0.o
    0x1fff29c4   0x1fff29c4   0x00000012   Code   RO          307    i.WaitMs            clock.o
    0x1fff29d6   COMPRESSED   0x00000002   PAD
    0x1fff29d8   0x1fff29d8   0x00000028   Code   RO         3398    i.__0sprintf$3      mc_p.l(printf3.o)
    0x1fff2a00   0x1fff2a00   0x00000006   Code   RO         2391    i.__psr             rf.lib(patch.o)
    0x1fff2a06   0x1fff2a06   0x0000000e   Code   RO         3614    i.__scatterload_copy  mc_p.l(handlers.o)
    0x1fff2a14   0x1fff2a14   0x00000002   Code   RO         3615    i.__scatterload_null  mc_p.l(handlers.o)
    0x1fff2a16   0x1fff2a16   0x0000000e   Code   RO         3616    i.__scatterload_zeroinit  mc_p.l(handlers.o)
    0x1fff2a24   0x1fff2a24   0x00000010   Code   RO         2263    i.__wdt_init        rf.lib(patch.o)
    0x1fff2a34   0x1fff2a34   0x00000020   Code   RO         2460    i._efuse_chip_version_check  rf.lib(phy_sec_ext.o)
    0x1fff2a54   0x1fff2a54   0x00000098   Code   RO         2059    i._hard_fault       jump_table.o
    0x1fff2aec   0x1fff2aec   0x000001cc   Code   RO         3403    i._printf_core      mc_p.l(printf3.o)
    0x1fff2cb8   0x1fff2cb8   0x0000001c   Code   RO         2461    i._rom_sec_boot_init  rf.lib(phy_sec_ext.o)
    0x1fff2cd4   0x1fff2cd4   0x00000068   Code   RO         1103    i._spif_wait_nobusy_x  flash.o
    0x1fff2d3c   0x1fff2d3c   0x0000000a   Code   RO         3405    i._sputc            mc_p.l(printf3.o)
    0x1fff2d46   0x1fff2d46   0x00000014   Code   RO         2178    i.app_main          simplebleperipheral_main.o
    0x1fff2d5a   COMPRESSED   0x00000002   PAD
    0x1fff2d5c   0x1fff2d5c   0x00000154   Code   RO         2264    i.check_16MXtal_by_rcTracking  rf.lib(patch.o)
    0x1fff2eb0   0x1fff2eb0   0x00000110   Code   RO         2265    i.check_96MXtal_by_rcTracking  rf.lib(patch.o)
    0x1fff2fc0   0x1fff2fc0   0x00000090   Code   RO         2267    i.config_RTC1       rf.lib(patch.o)
    0x1fff3050   0x1fff3050   0x00000018   Code   RO         2462    i.efuse_init        rf.lib(phy_sec_ext.o)
    0x1fff3068   0x1fff3068   0x0000002c   Code   RO         2269    i.enterSleepProcess1  rf.lib(patch.o)
    0x1fff3094   0x1fff3094   0x0000008c   Code   RO         2463    i.finidv            rf.lib(phy_sec_ext.o)
    0x1fff3120   0x1fff3120   0x0000014c   Code   RO         1301    i.fs_init           fs.o
    0x1fff326c   0x1fff326c   0x00000174   Code   RO         1302    i.fs_search_items   fs.o
    0x1fff33e0   0x1fff33e0   0x0000002c   Code   RO         1303    i.fs_spif_read      fs.o
    0x1fff340c   0x1fff340c   0x00000040   Code   RO         1304    i.fs_spif_write     fs.o
    0x1fff344c   0x1fff344c   0x00000024   Code   RO          593    i.hal_TIMER5_IRQHandler  timer.o
    0x1fff3470   0x1fff3470   0x00000024   Code   RO          594    i.hal_TIMER6_IRQHandler  timer.o
    0x1fff3494   0x1fff3494   0x00000048   Code   RO         1106    i.hal_cache_tag_flush  flash.o
    0x1fff34dc   0x1fff34dc   0x00000034   Code   RO          310    i.hal_clk_gate_enable  clock.o
    0x1fff3510   0x1fff3510   0x000000b0   Code   RO         1110    i.hal_flash_read    flash.o
    0x1fff35c0   0x1fff35c0   0x000000ac   Code   RO         1111    i.hal_flash_write   flash.o
    0x1fff366c   0x1fff366c   0x00000028   Code   RO         1309    i.hal_fs_init       fs.o
    0x1fff3694   0x1fff3694   0x000000c4   Code   RO         1113    i.hal_get_flash_info  flash.o
    0x1fff3758   0x1fff3758   0x00000068   Code   RO            4    i.hal_low_power_io_init  main.o
    0x1fff37c0   0x1fff37c0   0x00000018   Code   RO          728    i.hal_pwrmgr_RAM_retention  pwrmgr.o
    0x1fff37d8   0x1fff37d8   0x00000014   Code   RO          729    i.hal_pwrmgr_RAM_retention_clr  pwrmgr.o
    0x1fff37ec   0x1fff37ec   0x00000020   Code   RO          730    i.hal_pwrmgr_RAM_retention_set  pwrmgr.o
    0x1fff380c   0x1fff380c   0x0000004c   Code   RO          732    i.hal_pwrmgr_init   pwrmgr.o
    0x1fff3858   0x1fff3858   0x0000003c   Code   RO          736    i.hal_pwrmgr_register  pwrmgr.o
    0x1fff3894   0x1fff3894   0x00000030   Code   RO          737    i.hal_pwrmgr_sleep_process  pwrmgr.o
    0x1fff38c4   0x1fff38c4   0x00000068   Code   RO          738    i.hal_pwrmgr_unlock  pwrmgr.o
    0x1fff392c   0x1fff392c   0x00000074   Code   RO          740    i.hal_pwrmgr_wakeup_process  pwrmgr.o
    0x1fff39a0   0x1fff39a0   0x00000024   Code   RO          315    i.hal_rc32k_clk_tracking_init  clock.o
    0x1fff39c4   0x1fff39c4   0x00000090   Code   RO            5    i.hal_rfphy_init    main.o
    0x1fff3a54   0x1fff3a54   0x00000008   Code   RO         2271    i.hal_rom_boot_init  rf.lib(patch.o)
    0x1fff3a5c   0x1fff3a5c   0x0000006c   Code   RO          316    i.hal_rtc_clock_config  clock.o
    0x1fff3ac8   0x1fff3ac8   0x00000024   Code   RO         1114    i.hal_spif_cache_init  flash.o
    0x1fff3aec   0x1fff3aec   0x00000024   Code   RO          317    i.hal_system_soft_reset  clock.o
    0x1fff3b10   0x1fff3b10   0x00000074   Code   RO         1115    i.hw_spif_cache_config  flash.o
    0x1fff3b84   0x1fff3b84   0x00000040   Code   RO         2274    i.llCalcMaxScanTime1  rf.lib(patch.o)
    0x1fff3bc4   0x1fff3bc4   0x00000044   Code   RO         2275    i.llConnTerminate1  rf.lib(patch.o)
    0x1fff3c08   0x1fff3c08   0x0000000c   Code   RO         2279    i.llProcessTxData1  rf.lib(patch.o)
    0x1fff3c14   0x1fff3c14   0x00000050   Code   RO         2280    i.llSecAdvAllow1    rf.lib(patch.o)
    0x1fff3c64   0x1fff3c64   0x0000002c   Code   RO         2281    i.llSetupNextSlaveEvent1  rf.lib(patch.o)
    0x1fff3c90   0x1fff3c90   0x00000098   Code   RO         2282    i.llSetupSecAdvEvt1  rf.lib(patch.o)
    0x1fff3d28   0x1fff3d28   0x000000bc   Code   RO         2285    i.ll_adptive_adj_next_time1  rf.lib(patch.o)
    0x1fff3de4   0x1fff3de4   0x000001ac   Code   RO         2286    i.ll_generateTxBuffer1  rf.lib(patch.o)
    0x1fff3f90   0x1fff3f90   0x0000019c   Code   RO         2287    i.ll_hw_go1         rf.lib(patch.o)
    0x1fff412c   0x1fff412c   0x0000004c   Code   RO         2291    i.ll_patch_slave    rf.lib(patch.o)
    0x1fff4178   0x1fff4178   0x00000018   Code   RO         2292    i.ll_processBasicIRQ_SRX  rf.lib(patch.o)
    0x1fff4190   0x1fff4190   0x00000018   Code   RO         2294    i.ll_processBasicIRQ_ScanTRX  rf.lib(patch.o)
    0x1fff41a8   0x1fff41a8   0x00000018   Code   RO         2296    i.ll_processBasicIRQ_secondaryAdvTRX  rf.lib(patch.o)
    0x1fff41c0   0x1fff41c0   0x00000018   Code   RO         2298    i.ll_processBasicIRQ_secondaryInitSRX  rf.lib(patch.o)
    0x1fff41d8   0x1fff41d8   0x00000018   Code   RO         2300    i.ll_processBasicIRQ_secondaryScanSRX  rf.lib(patch.o)
    0x1fff41f0   0x1fff41f0   0x00000048   Code   RO         2303    i.ll_scheduler2     rf.lib(patch.o)
    0x1fff4238   0x1fff4238   0x00000064   Code   RO            6    i.main              main.o
    0x1fff429c   0x1fff429c   0x00000068   Code   RO         2091    i.osalInitTasks     osal_simplebleperipheral.o
    0x1fff4304   0x1fff4304   0x00000074   Code   RO         2397    i.rc32k_calibration  rf.lib(rf_phy_driver.o)
    0x1fff4378   0x1fff4378   0x00000058   Code   RO         2306    i.rc32k_cap_cal     rf.lib(patch.o)
    0x1fff43d0   0x1fff43d0   0x0000002c   Code   RO         2307    i.read_LL_remainder_time1  rf.lib(patch.o)
    0x1fff43fc   0x1fff43fc   0x00000030   Code   RO         2398    i.rf_calibrate1     rf.lib(rf_phy_driver.o)
    0x1fff442c   0x1fff442c   0x00000118   Code   RO         2399    i.rf_phy_ana_cfg    rf.lib(rf_phy_driver.o)
    0x1fff4544   0x1fff4544   0x000001a4   Code   RO         2400    i.rf_phy_bb_cfg     rf.lib(rf_phy_driver.o)
    0x1fff46e8   0x1fff46e8   0x000000a8   Code   RO         2401    i.rf_phy_change_cfg0  rf.lib(rf_phy_driver.o)
    0x1fff4790   0x1fff4790   0x0000003c   Code   RO         2417    i.rf_phy_ini        rf.lib(rf_phy_driver.o)
    0x1fff47cc   0x1fff47cc   0x00000074   Code   RO         2418    i.rf_phy_set_txPower  rf.lib(rf_phy_driver.o)
    0x1fff4840   0x1fff4840   0x00000120   Code   RO         2419    i.rf_rxDcoc_cfg     rf.lib(rf_phy_driver.o)
    0x1fff4960   0x1fff4960   0x0000004c   Code   RO         2422    i.rf_tpCal_gen_cap_arrary  rf.lib(rf_phy_driver.o)
    0x1fff49ac   0x1fff49ac   0x0000011c   Code   RO         2423    i.rf_tp_cal         rf.lib(rf_phy_driver.o)
    0x1fff4ac8   0x1fff4ac8   0x000001dc   Code   RO         2309    i.wakeupProcess1    rf.lib(patch.o)
    0x1fff4ca4   0x1fff4ca4   0x00000140   Code   RO         2310    i.wakeup_init1      rf.lib(patch.o)
    0x1fff4de4   0x1fff4de4   0x00000028   Code   RO          684    i.watchdog_config   watchdog.o
    0x1fff4e0c   0x1fff4e0c   0x0000001e   Data   RO            8    .constdata          main.o
    0x1fff4e2a   COMPRESSED   0x00000002   PAD
    0x1fff4e2c   0x1fff4e2c   0x0000000c   Data   RO          189    .constdata          uart.o
    0x1fff4e38   0x1fff4e38   0x00000028   Data   RO         2092    .constdata          osal_simplebleperipheral.o
    0x1fff4e60   0x1fff4e60   0x00000001   Data   RO         2093    .constdata          osal_simplebleperipheral.o
    0x1fff4e61   COMPRESSED   0x00000003   PAD
    0x1fff4e64   0x1fff4e64   0x00000011   Data   RO         2467    .conststring        rf.lib(phy_sec_ext.o)
    0x1fff4e75   COMPRESSED   0x00000003   PAD
    0x1fff4e78   0x1fff4e78   0x00000050   Data   RO         3612    Region$$Table       anon$$obj.o
    0x1fff4ec8   COMPRESSED   0x00000001   Data   RW            9    .data               main.o
    0x1fff4ec9   COMPRESSED   0x00000003   PAD
    0x1fff4ecc   COMPRESSED   0x00000004   Data   RW          605    .data               timer.o
    0x1fff4ed0   COMPRESSED   0x00000001   Data   RW          685    .data               watchdog.o
    0x1fff4ed1   COMPRESSED   0x00000003   PAD
    0x1fff4ed4   COMPRESSED   0x00000018   Data   RW          742    .data               pwrmgr.o
    0x1fff4eec   COMPRESSED   0x0000001c   Data   RW         1117    .data               flash.o
    0x1fff4f08   COMPRESSED   0x00000008   Data   RW         1316    .data               fs.o
    0x1fff4f10   COMPRESSED   0x00000080   Data   RW         1441    .data               gapgattserver.o
    0x1fff4f90   COMPRESSED   0x00000001   Data   RW         1442    .data               gapgattserver.o
    0x1fff4f91   COMPRESSED   0x00000001   Data   RW         1443    .data               gapgattserver.o
    0x1fff4f92   COMPRESSED   0x00000001   Data   RW         1444    .data               gapgattserver.o
    0x1fff4f93   COMPRESSED   0x00000001   PAD
    0x1fff4f94   COMPRESSED   0x00000061   Data   RW         1537    .data               peripheral.o
    0x1fff4ff5   COMPRESSED   0x00000003   PAD
    0x1fff4ff8   COMPRESSED   0x00000060   Data   RW         1667    .data               gattservapp.o
    0x1fff5058   COMPRESSED   0x00000001   Data   RW         1668    .data               gattservapp.o
    0x1fff5059   COMPRESSED   0x00000003   PAD
    0x1fff505c   COMPRESSED   0x0000006c   Data   RW         1878    .data               ota_app_service.o
    0x1fff50c8   COMPRESSED   0x00000001   Data   RW         1879    .data               ota_app_service.o
    0x1fff50c9   COMPRESSED   0x00000001   Data   RW         1880    .data               ota_app_service.o
    0x1fff50ca   COMPRESSED   0x00000001   Data   RW         1881    .data               ota_app_service.o
    0x1fff50cb   COMPRESSED   0x00000001   Data   RW         1882    .data               ota_app_service.o
    0x1fff50cc   COMPRESSED   0x00000090   Data   RW         1990    .data               sbpprofile_ota.o
    0x1fff515c   COMPRESSED   0x00000001   Data   RW         1991    .data               sbpprofile_ota.o
    0x1fff515d   COMPRESSED   0x00000009   Data   RW         1992    .data               sbpprofile_ota.o
    0x1fff5166   COMPRESSED   0x00000001   Data   RW         1993    .data               sbpprofile_ota.o
    0x1fff5167   COMPRESSED   0x0000000a   Data   RW         1994    .data               sbpprofile_ota.o
    0x1fff5171   COMPRESSED   0x00000003   PAD
    0x1fff5174   COMPRESSED   0x00000004   Data   RW         2060    .data               jump_table.o
    0x1fff5178   COMPRESSED   0x00000004   Data   RW         2094    .data               osal_simplebleperipheral.o
    0x1fff517c   COMPRESSED   0x00000047   Data   RW         2135    .data               simplebleperipheral.o
    0x1fff51c3   COMPRESSED   0x00000001   PAD
    0x1fff51c4   COMPRESSED   0x00000004   Data   RW         2201    .data               system_armcm0.o
    0x1fff51c8   COMPRESSED   0x00000020   Data   RW         2314    .data               rf.lib(patch.o)
    0x1fff51e8   COMPRESSED   0x00000004   Data   RW         2468    .data               rf.lib(phy_sec_ext.o)
    0x1fff51ec   COMPRESSED   0x00000001   Data   RW         2469    .data               rf.lib(phy_sec_ext.o)
    0x1fff51ed   COMPRESSED   0x00000001   PAD
    0x1fff51ee   COMPRESSED   0x00000008   Data   RW         2572    .data               ble_host.lib(att_util.o)
    0x1fff51f6   COMPRESSED   0x00000004   Data   RW         2573    .data               ble_host.lib(att_util.o)
    0x1fff51fa   COMPRESSED   0x0000005a   Data   RW         2655    .data               ble_host.lib(gap_configmgr.o)
    0x1fff5254   COMPRESSED   0x00000010   Data   RW         2702    .data               ble_host.lib(gap_linkmgr.o)
    0x1fff5264   COMPRESSED   0x0000001c   Data   RW         2752    .data               ble_host.lib(gap_peridevmgr.o)
    0x1fff5280   COMPRESSED   0x0000000c   Data   RW         2788    .data               ble_host.lib(gap_task.o)
    0x1fff528c   COMPRESSED   0x00000010   Data   RW         2832    .data               ble_host.lib(gatt_server.o)
    0x1fff529c   COMPRESSED   0x0000000c   Data   RW         2877    .data               ble_host.lib(gatt_task.o)
    0x1fff52a8   COMPRESSED   0x00000001   Data   RW         2909    .data               ble_host.lib(l2cap_if.o)
    0x1fff52a9   COMPRESSED   0x00000001   Data   RW         2930    .data               ble_host.lib(l2cap_task.o)
    0x1fff52aa   COMPRESSED   0x00000002   PAD
    0x1fff52ac   COMPRESSED   0x0000000c   Data   RW         2982    .data               ble_host.lib(sm_rsppairing.o)
    0x1fff52b8   COMPRESSED   0x00000001   Data   RW         3004    .data               ble_host.lib(sm_task.o)
    0x1fff52b9   COMPRESSED   0x00000003   PAD
    0x1fff52bc   COMPRESSED   0x00000008   Data   RW         3055    .data               ble_host.lib(gap_devmgr.o)
    0x1fff52c4   COMPRESSED   0x00000004   Data   RW         3100    .data               ble_host.lib(l2cap_util.o)
    0x1fff52c8   COMPRESSED   0x00000004   Data   RW         3166    .data               ble_host.lib(sm_mgr.o)
    0x1fff52cc   COMPRESSED   0x0000000c   Data   RW         3224    .data               ble_host.lib(sm_pairing.o)
    0x1fff52d8   COMPRESSED   0x0000000e   Data   RW          743    _section_standby_code_  pwrmgr.o
    0x1fff52e6   COMPRESSED   0x00000002   PAD
    0x1fff52e8        -       0x00001464   Zero   RW            7    .bss                main.o
    0x1fff674c        -       0x00000040   Zero   RW          188    .bss                uart.o
    0x1fff678c        -       0x0000012c   Zero   RW          435    .bss                gpio.o
    0x1fff68b8        -       0x00000078   Zero   RW          741    .bss                pwrmgr.o
    0x1fff6930        -       0x00000014   Zero   RW         1315    .bss                fs.o
    0x1fff6944        -       0x00000016   Zero   RW         1438    .bss                gapgattserver.o
    0x1fff695a        -       0x0000003f   Zero   RW         1536    .bss                peripheral.o
    0x1fff6999   COMPRESSED   0x00000001   PAD
    0x1fff699a        -       0x000002e8   Zero   RW         1664    .bss                gattservapp.o
    0x1fff6c82        -       0x00000072   Zero   RW         1872    .bss                ota_app_service.o
    0x1fff6cf4        -       0x00000028   Zero   RW         1984    .bss                sbpprofile_ota.o
    0x1fff6d1c        -       0x000001bc   Zero   RW         2133    .bss                simplebleperipheral.o
    0x1fff6ed8        -       0x00000020   Zero   RW         2311    .bss                rf.lib(patch.o)
    0x1fff6ef8        -       0x00000010   Zero   RW         2465    .bss                rf.lib(phy_sec_ext.o)
    0x1fff6f08        -       0x0000001c   Zero   RW         2654    .bss                ble_host.lib(gap_configmgr.o)
    0x1fff6f24        -       0x0000002e   Zero   RW         2929    .bss                ble_host.lib(l2cap_task.o)
    0x1fff6f52   COMPRESSED   0x00000002   PAD
    0x1fff6f54        -       0x0000003c   Zero   RW         2952    .bss                ble_host.lib(linkdb.o)
    0x1fff6f90        -       0x0000000f   Zero   RW         2981    .bss                ble_host.lib(sm_rsppairing.o)
    0x1fff6f9f   COMPRESSED   0x00000001   PAD
    0x1fff6fa0        -       0x000000a0   Zero   RW         3099    .bss                ble_host.lib(l2cap_util.o)
    0x1fff7040        -       0x0000000f   Zero   RW         3164    .bss                ble_host.lib(sm_mgr.o)
    0x1fff704f   COMPRESSED   0x00000001   PAD
    0x1fff7050        -       0x00000400   Zero   RW         2190    STACK               startup_armcm0.o



  Load Region LR_ROM_JT_GC (Base: 0x1fff0000, Size: 0x00000800, Max: 0x00000800, ABSOLUTE, COMPRESSED[0x0000040c])

    Execution Region JUMP_TABLE (Exec base: 0x1fff0000, Load base: 0x1fff0000, Size: 0x00000400, Max: 0x00000400, ABSOLUTE)

    Exec Addr    Load Addr    Size         Type   Attr      Idx    E Section Name        Object

    0x1fff0000   0x1fff0000   0x00000400   Data   RO         2062    jump_table_mem_area  jump_table.o


    Execution Region GOLBAL_CONFIG (Exec base: 0x1fff0400, Load base: 0x1fff0400, Size: 0x00000400, Max: 0x00000400, ABSOLUTE, COMPRESSED[0x0000000c])

    Exec Addr    Load Addr    Size         Type   Attr      Idx    E Section Name        Object

    0x1fff0400   COMPRESSED   0x00000400   Data   RW         2061    global_config_area  jump_table.o



  Load Region LR_ROM_XIP (Base: 0x11020000, Size: 0x00007300, Max: 0x00020000, ABSOLUTE)

    Execution Region ER_ROM_XIP (Exec base: 0x11020000, Load base: 0x11020000, Size: 0x00007300, Max: 0x00020000, ABSOLUTE)

    Exec Addr    Load Addr    Size         Type   Attr      Idx    E Section Name        Object

    0x11020000   0x11020000   0x0000000c   Ven    RO         3728    Veneer$$Code        anon$$obj.o
    0x1102000c   0x1102000c   0x0000000c   Ven    RO         3729    Veneer$$Code        anon$$obj.o
    0x11020018   0x11020018   0x0000000c   Ven    RO         3730    Veneer$$Code        anon$$obj.o
    0x11020024   0x11020024   0x0000000c   Ven    RO         3731    Veneer$$Code        anon$$obj.o
    0x11020030   0x11020030   0x0000000c   Ven    RO         3732    Veneer$$Code        anon$$obj.o
    0x1102003c   0x1102003c   0x0000000c   Ven    RO         3733    Veneer$$Code        anon$$obj.o
    0x11020048   0x11020048   0x0000000c   Ven    RO         3734    Veneer$$Code        anon$$obj.o
    0x11020054   0x11020054   0x0000000c   Ven    RO         3735    Veneer$$Code        anon$$obj.o
    0x11020060   0x11020060   0x0000000c   Ven    RO         3736    Veneer$$Code        anon$$obj.o
    0x1102006c   0x1102006c   0x0000000c   Ven    RO         3737    Veneer$$Code        anon$$obj.o
    0x11020078   0x11020078   0x0000000c   Ven    RO         3738    Veneer$$Code        anon$$obj.o
    0x11020084   0x11020084   0x0000000c   Ven    RO         3739    Veneer$$Code        anon$$obj.o
    0x11020090   0x11020090   0x0000000c   Ven    RO         3740    Veneer$$Code        anon$$obj.o
    0x1102009c   0x1102009c   0x0000000c   Ven    RO         3741    Veneer$$Code        anon$$obj.o
    0x110200a8   0x110200a8   0x0000000c   Ven    RO         3742    Veneer$$Code        anon$$obj.o
    0x110200b4   0x110200b4   0x0000000c   Ven    RO         3743    Veneer$$Code        anon$$obj.o
    0x110200c0   0x110200c0   0x0000000c   Ven    RO         3744    Veneer$$Code        anon$$obj.o
    0x110200cc   0x110200cc   0x0000000c   Ven    RO         3745    Veneer$$Code        anon$$obj.o
    0x110200d8   0x110200d8   0x0000000c   Ven    RO         3746    Veneer$$Code        anon$$obj.o
    0x110200e4   0x110200e4   0x0000000c   Ven    RO         3747    Veneer$$Code        anon$$obj.o
    0x110200f0   0x110200f0   0x0000000c   Ven    RO         3748    Veneer$$Code        anon$$obj.o
    0x110200fc   0x110200fc   0x0000000c   Ven    RO         3749    Veneer$$Code        anon$$obj.o
    0x11020108   0x11020108   0x0000000c   Ven    RO         3750    Veneer$$Code        anon$$obj.o
    0x11020114   0x11020114   0x0000000c   Ven    RO         3751    Veneer$$Code        anon$$obj.o
    0x11020120   0x11020120   0x0000000c   Ven    RO         3752    Veneer$$Code        anon$$obj.o
    0x1102012c   0x1102012c   0x0000000c   Ven    RO         3753    Veneer$$Code        anon$$obj.o
    0x11020138   0x11020138   0x0000000c   Ven    RO         3754    Veneer$$Code        anon$$obj.o
    0x11020144   0x11020144   0x0000000c   Ven    RO         3755    Veneer$$Code        anon$$obj.o
    0x11020150   0x11020150   0x0000000c   Ven    RO         3756    Veneer$$Code        anon$$obj.o
    0x1102015c   0x1102015c   0x0000000c   Ven    RO         3757    Veneer$$Code        anon$$obj.o
    0x11020168   0x11020168   0x0000000c   Ven    RO         3758    Veneer$$Code        anon$$obj.o
    0x11020174   0x11020174   0x0000000c   Ven    RO         3759    Veneer$$Code        anon$$obj.o
    0x11020180   0x11020180   0x0000000c   Ven    RO         3760    Veneer$$Code        anon$$obj.o
    0x1102018c   0x1102018c   0x0000000c   Ven    RO         3761    Veneer$$Code        anon$$obj.o
    0x11020198   0x11020198   0x0000000c   Ven    RO         3762    Veneer$$Code        anon$$obj.o
    0x110201a4   0x110201a4   0x0000000c   Ven    RO         3763    Veneer$$Code        anon$$obj.o
    0x110201b0   0x110201b0   0x0000000c   Ven    RO         3764    Veneer$$Code        anon$$obj.o
    0x110201bc   0x110201bc   0x0000000c   Ven    RO         3765    Veneer$$Code        anon$$obj.o
    0x110201c8   0x110201c8   0x0000000c   Ven    RO         3766    Veneer$$Code        anon$$obj.o
    0x110201d4   0x110201d4   0x0000000c   Ven    RO         3767    Veneer$$Code        anon$$obj.o
    0x110201e0   0x110201e0   0x0000000c   Ven    RO         3768    Veneer$$Code        anon$$obj.o
    0x110201ec   0x110201ec   0x0000000c   Ven    RO         3769    Veneer$$Code        anon$$obj.o
    0x110201f8   0x110201f8   0x0000000c   Ven    RO         3770    Veneer$$Code        anon$$obj.o
    0x11020204   0x11020204   0x0000000c   Ven    RO         3771    Veneer$$Code        anon$$obj.o
    0x11020210   0x11020210   0x0000000c   Ven    RO         3772    Veneer$$Code        anon$$obj.o
    0x1102021c   0x1102021c   0x0000000c   Ven    RO         3773    Veneer$$Code        anon$$obj.o
    0x11020228   0x11020228   0x0000000c   Ven    RO         3774    Veneer$$Code        anon$$obj.o
    0x11020234   0x11020234   0x0000000c   Ven    RO         3775    Veneer$$Code        anon$$obj.o
    0x11020240   0x11020240   0x0000000c   Ven    RO         3776    Veneer$$Code        anon$$obj.o
    0x1102024c   0x1102024c   0x0000000c   Ven    RO         3777    Veneer$$Code        anon$$obj.o
    0x11020258   0x11020258   0x0000000c   Ven    RO         3778    Veneer$$Code        anon$$obj.o
    0x11020264   0x11020264   0x0000000c   Ven    RO         3779    Veneer$$Code        anon$$obj.o
    0x11020270   0x11020270   0x0000000c   Ven    RO         3780    Veneer$$Code        anon$$obj.o
    0x1102027c   0x1102027c   0x0000000c   Ven    RO         3781    Veneer$$Code        anon$$obj.o
    0x11020288   0x11020288   0x0000000c   Ven    RO         3782    Veneer$$Code        anon$$obj.o
    0x11020294   0x11020294   0x0000000c   Ven    RO         3783    Veneer$$Code        anon$$obj.o
    0x110202a0   0x110202a0   0x0000000c   Ven    RO         3784    Veneer$$Code        anon$$obj.o
    0x110202ac   0x110202ac   0x0000000c   Ven    RO         3785    Veneer$$Code        anon$$obj.o
    0x110202b8   0x110202b8   0x0000000c   Ven    RO         3786    Veneer$$Code        anon$$obj.o
    0x110202c4   0x110202c4   0x0000000c   Ven    RO         3787    Veneer$$Code        anon$$obj.o
    0x110202d0   0x110202d0   0x0000000c   Ven    RO         3788    Veneer$$Code        anon$$obj.o
    0x110202dc   0x110202dc   0x0000000c   Ven    RO         3789    Veneer$$Code        anon$$obj.o
    0x110202e8   0x110202e8   0x0000000c   Ven    RO         3790    Veneer$$Code        anon$$obj.o
    0x110202f4   0x110202f4   0x0000000c   Ven    RO         3791    Veneer$$Code        anon$$obj.o
    0x11020300   0x11020300   0x0000000c   Ven    RO         3792    Veneer$$Code        anon$$obj.o
    0x1102030c   0x1102030c   0x0000000c   Ven    RO         3793    Veneer$$Code        anon$$obj.o
    0x11020318   0x11020318   0x0000000c   Ven    RO         3794    Veneer$$Code        anon$$obj.o
    0x11020324   0x11020324   0x000003f8   Code   RO         2237    _section_xip_code_  rf.lib(patch.o)
    0x1102071c   0x1102071c   0x00000016   Code   RO         2515    i.ATT_BuildErrorRsp  ble_host.lib(att_util.o)
    0x11020732   0x11020732   0x0000000e   Code   RO         2517    i.ATT_BuildExchangeMTURsp  ble_host.lib(att_util.o)
    0x11020740   0x11020740   0x00000030   Code   RO         2520    i.ATT_BuildFindByTypeValueRsp  ble_host.lib(att_util.o)
    0x11020770   0x11020770   0x0000006c   Code   RO         2522    i.ATT_BuildFindInfoRsp  ble_host.lib(att_util.o)
    0x110207dc   0x110207dc   0x00000020   Code   RO         2523    i.ATT_BuildHandleValueInd  ble_host.lib(att_util.o)
    0x110207fc   0x110207fc   0x0000002a   Code   RO         2525    i.ATT_BuildPrepareWriteRsp  ble_host.lib(att_util.o)
    0x11020826   0x11020826   0x00000010   Code   RO         2527    i.ATT_BuildReadBlobRsp  ble_host.lib(att_util.o)
    0x11020836   0x11020836   0x0000001a   Code   RO         2528    i.ATT_BuildReadByGrpTypeRsp  ble_host.lib(att_util.o)
    0x11020850   0x11020850   0x0000001a   Code   RO         2530    i.ATT_BuildReadByTypeRsp  ble_host.lib(att_util.o)
    0x1102086a   0x1102086a   0x00000010   Code   RO         2532    i.ATT_BuildReadMultiRsp  ble_host.lib(att_util.o)
    0x1102087a   0x1102087a   0x00000010   Code   RO         2534    i.ATT_BuildReadRsp  ble_host.lib(att_util.o)
    0x1102088a   0x1102088a   0x0000004a   Code   RO         2536    i.ATT_CompareUUID   ble_host.lib(att_util.o)
    0x110208d4   0x110208d4   0x0000002c   Code   RO         2537    i.ATT_ConvertUUIDto128  ble_host.lib(att_util.o)
    0x11020900   0x11020900   0x00000014   Code   RO         2483    i.ATT_ErrorRsp      ble_host.lib(att_server.o)
    0x11020914   0x11020914   0x00000040   Code   RO         2484    i.ATT_ExchangeMTURsp  ble_host.lib(att_server.o)
    0x11020954   0x11020954   0x0000000e   Code   RO         2485    i.ATT_ExecuteWriteRsp  ble_host.lib(att_server.o)
    0x11020962   0x11020962   0x00000002   PAD
    0x11020964   0x11020964   0x0000001c   Code   RO         2486    i.ATT_FindByTypeValueRsp  ble_host.lib(att_server.o)
    0x11020980   0x11020980   0x00000028   Code   RO         2487    i.ATT_FindInfoRsp   ble_host.lib(att_server.o)
    0x110209a8   0x110209a8   0x0000000c   Code   RO         2539    i.ATT_GetCurrentMTUSize  ble_host.lib(att_util.o)
    0x110209b4   0x110209b4   0x00000014   Code   RO         2489    i.ATT_HandleValueNoti  ble_host.lib(att_server.o)
    0x110209c8   0x110209c8   0x0000000c   Code   RO         2541    i.ATT_InitMtuSize   ble_host.lib(att_util.o)
    0x110209d4   0x110209d4   0x00000018   Code   RO         2543    i.ATT_ParseExchangeMTUReq  ble_host.lib(att_util.o)
    0x110209ec   0x110209ec   0x00000012   Code   RO         2545    i.ATT_ParseExecuteWriteReq  ble_host.lib(att_util.o)
    0x110209fe   0x110209fe   0x00000048   Code   RO         2547    i.ATT_ParseFindByTypeValueReq  ble_host.lib(att_util.o)
    0x11020a46   0x11020a46   0x00000022   Code   RO         2549    i.ATT_ParseFindInfoReq  ble_host.lib(att_util.o)
    0x11020a68   0x11020a68   0x0000005e   Code   RO         2553    i.ATT_ParsePacket   ble_host.lib(att_util.o)
    0x11020ac6   0x11020ac6   0x00000038   Code   RO         2554    i.ATT_ParsePrepareWriteReq  ble_host.lib(att_util.o)
    0x11020afe   0x11020afe   0x00000022   Code   RO         2556    i.ATT_ParseReadBlobReq  ble_host.lib(att_util.o)
    0x11020b20   0x11020b20   0x0000003c   Code   RO         2559    i.ATT_ParseReadByTypeReq  ble_host.lib(att_util.o)
    0x11020b5c   0x11020b5c   0x00000044   Code   RO         2561    i.ATT_ParseReadMultiReq  ble_host.lib(att_util.o)
    0x11020ba0   0x11020ba0   0x00000018   Code   RO         2563    i.ATT_ParseReadReq  ble_host.lib(att_util.o)
    0x11020bb8   0x11020bb8   0x00000042   Code   RO         2565    i.ATT_ParseWriteReq  ble_host.lib(att_util.o)
    0x11020bfa   0x11020bfa   0x00000002   PAD
    0x11020bfc   0x11020bfc   0x00000014   Code   RO         2490    i.ATT_PrepareWriteRsp  ble_host.lib(att_server.o)
    0x11020c10   0x11020c10   0x00000014   Code   RO         2491    i.ATT_ReadBlobRsp   ble_host.lib(att_server.o)
    0x11020c24   0x11020c24   0x0000001c   Code   RO         2492    i.ATT_ReadByGrpTypeRsp  ble_host.lib(att_server.o)
    0x11020c40   0x11020c40   0x0000001c   Code   RO         2493    i.ATT_ReadByTypeRsp  ble_host.lib(att_server.o)
    0x11020c5c   0x11020c5c   0x00000014   Code   RO         2494    i.ATT_ReadMultiRsp  ble_host.lib(att_server.o)
    0x11020c70   0x11020c70   0x00000014   Code   RO         2495    i.ATT_ReadRsp       ble_host.lib(att_server.o)
    0x11020c84   0x11020c84   0x0000002c   Code   RO         2567    i.ATT_SetMTUSizeMax  ble_host.lib(att_util.o)
    0x11020cb0   0x11020cb0   0x00000018   Code   RO         2569    i.ATT_UpdateMtuSize  ble_host.lib(att_util.o)
    0x11020cc8   0x11020cc8   0x0000000e   Code   RO         2496    i.ATT_WriteRsp      ble_host.lib(att_server.o)
    0x11020cd6   0x11020cd6   0x00000002   PAD
    0x11020cd8   0x11020cd8   0x000000e8   Code   RO         1525    i.GAPRole_GetParameter  peripheral.o
    0x11020dc0   0x11020dc0   0x00000044   Code   RO         1526    i.GAPRole_Init      peripheral.o
    0x11020e04   0x11020e04   0x000000f4   Code   RO         1527    i.GAPRole_ProcessEvent  peripheral.o
    0x11020ef8   0x11020ef8   0x00000058   Code   RO         1529    i.GAPRole_SendUpdateParam  peripheral.o
    0x11020f50   0x11020f50   0x00000214   Code   RO         1530    i.GAPRole_SetParameter  peripheral.o
    0x11021164   0x11021164   0x00000038   Code   RO         1531    i.GAPRole_StartDevice  peripheral.o
    0x1102119c   0x1102119c   0x00000020   Code   RO         1532    i.GAPRole_TerminateConnection  peripheral.o
    0x110211bc   0x110211bc   0x0000003e   Code   RO         1402    i.GAP_DeviceInit    gap.o
    0x110211fa   0x110211fa   0x00000002   PAD
    0x110211fc   0x110211fc   0x00000054   Code   RO         2729    i.GAP_EndDiscoverable  ble_host.lib(gap_peridevmgr.o)
    0x11021250   0x11021250   0x00000018   Code   RO         2635    i.GAP_GetParamValue  ble_host.lib(gap_configmgr.o)
    0x11021268   0x11021268   0x00000020   Code   RO         2780    i.GAP_Init          ble_host.lib(gap_task.o)
    0x11021288   0x11021288   0x000000c0   Code   RO         2731    i.GAP_MakeDiscoverable  ble_host.lib(gap_peridevmgr.o)
    0x11021348   0x11021348   0x00000008   Code   RO         2781    i.GAP_NumActiveConnections  ble_host.lib(gap_task.o)
    0x11021350   0x11021350   0x00000038   Code   RO         2636    i.GAP_ParamsInit    ble_host.lib(gap_configmgr.o)
    0x11021388   0x11021388   0x00000048   Code   RO         2732    i.GAP_PeriDevMgrInit  ble_host.lib(gap_peridevmgr.o)
    0x110213d0   0x110213d0   0x000000e0   Code   RO         2782    i.GAP_ProcessEvent  ble_host.lib(gap_task.o)
    0x110214b0   0x110214b0   0x0000000c   Code   RO         2783    i.GAP_RegisterForHCIMsgs  ble_host.lib(gap_task.o)
    0x110214bc   0x110214bc   0x00000040   Code   RO         2637    i.GAP_SecParamsInit  ble_host.lib(gap_configmgr.o)
    0x110214fc   0x110214fc   0x00000020   Code   RO         2638    i.GAP_SetParamValue  ble_host.lib(gap_configmgr.o)
    0x1102151c   0x1102151c   0x00000080   Code   RO         2686    i.GAP_TerminateLinkReq  ble_host.lib(gap_linkmgr.o)
    0x1102159c   0x1102159c   0x00000074   Code   RO         2736    i.GAP_UpdateAdvertisingData  ble_host.lib(gap_peridevmgr.o)
    0x11021610   0x11021610   0x00000020   Code   RO         1626    i.GATTServApp_AddService  gattservapp.o
    0x11021630   0x11021630   0x0000004c   Code   RO         1632    i.GATTServApp_Init  gattservapp.o
    0x1102167c   0x1102167c   0x00000030   Code   RO         1633    i.GATTServApp_InitCharCfg  gattservapp.o
    0x110216ac   0x110216ac   0x00000058   Code   RO         1634    i.GATTServApp_ProcessCCCWriteReq  gattservapp.o
    0x11021704   0x11021704   0x00000038   Code   RO         1636    i.GATTServApp_ProcessEvent  gattservapp.o
    0x1102173c   0x1102173c   0x00000224   Code   RO         1637    i.GATTServApp_ReadAttr  gattservapp.o
    0x11021960   0x11021960   0x0000000e   Code   RO         1638    i.GATTServApp_ReadCharCfg  gattservapp.o
    0x1102196e   0x1102196e   0x00000002   PAD
    0x11021970   0x11021970   0x0000005c   Code   RO         1640    i.GATTServApp_RegisterService  gattservapp.o
    0x110219cc   0x110219cc   0x00000038   Code   RO         1641    i.GATTServApp_SendCCCUpdatedEvent  gattservapp.o
    0x11021a04   0x11021a04   0x0000003e   Code   RO         1646    i.GATTServApp_WriteAttr  gattservapp.o
    0x11021a42   0x11021a42   0x00000002   PAD
    0x11021a44   0x11021a44   0x0000002c   Code   RO         1647    i.GATTServApp_WriteCharCfg  gattservapp.o
    0x11021a70   0x11021a70   0x0000002e   Code   RO         2867    i.GATT_AppCompletedMsg  ble_host.lib(gatt_task.o)
    0x11021a9e   0x11021a9e   0x00000002   PAD
    0x11021aa0   0x11021aa0   0x0000004c   Code   RO         2802    i.GATT_FindHandle   ble_host.lib(gatt_server.o)
    0x11021aec   0x11021aec   0x00000064   Code   RO         2803    i.GATT_FindHandleUUID  ble_host.lib(gatt_server.o)
    0x11021b50   0x11021b50   0x00000094   Code   RO         2804    i.GATT_FindNextAttr  ble_host.lib(gatt_server.o)
    0x11021be4   0x11021be4   0x0000001c   Code   RO         2868    i.GATT_Init         ble_host.lib(gatt_task.o)
    0x11021c00   0x11021c00   0x00000048   Code   RO         2806    i.GATT_InitServer   ble_host.lib(gatt_server.o)
    0x11021c48   0x11021c48   0x0000002e   Code   RO         2807    i.GATT_Notification  ble_host.lib(gatt_server.o)
    0x11021c76   0x11021c76   0x00000002   PAD
    0x11021c78   0x11021c78   0x00000034   Code   RO         2869    i.GATT_ProcessEvent  ble_host.lib(gatt_task.o)
    0x11021cac   0x11021cac   0x0000000c   Code   RO         2808    i.GATT_RegisterForReq  ble_host.lib(gatt_server.o)
    0x11021cb8   0x11021cb8   0x000000a8   Code   RO         2809    i.GATT_RegisterService  ble_host.lib(gatt_server.o)
    0x11021d60   0x11021d60   0x00000020   Code   RO         2811    i.GATT_ServiceNumAttrs  ble_host.lib(gatt_server.o)
    0x11021d80   0x11021d80   0x00000026   Code   RO         2813    i.GATT_VerifyReadPermissions  ble_host.lib(gatt_server.o)
    0x11021da6   0x11021da6   0x00000042   Code   RO         2814    i.GATT_VerifyWritePermissions  ble_host.lib(gatt_server.o)
    0x11021de8   0x11021de8   0x00000020   Code   RO         1428    i.GGS_AddService    gapgattserver.o
    0x11021e08   0x11021e08   0x00000088   Code   RO         1434    i.GGS_SetParameter  gapgattserver.o
    0x11021e90   0x11021e90   0x00000042   Code   RO         3066    i.L2CAP_BuildCmdReject  ble_host.lib(l2cap_util.o)
    0x11021ed2   0x11021ed2   0x00000002   PAD
    0x11021ed4   0x11021ed4   0x00000018   Code   RO         2899    i.L2CAP_CmdReject   ble_host.lib(l2cap_if.o)
    0x11021eec   0x11021eec   0x00000018   Code   RO         2900    i.L2CAP_ConnParamUpdateReq  ble_host.lib(l2cap_if.o)
    0x11021f04   0x11021f04   0x00000008   Code   RO         3070    i.L2CAP_Fragment_bm_alloc  ble_host.lib(l2cap_util.o)
    0x11021f0c   0x11021f0c   0x00000018   Code   RO         2903    i.L2CAP_HostNumCompletedPkts  ble_host.lib(l2cap_if.o)
    0x11021f24   0x11021f24   0x00000048   Code   RO         2924    i.L2CAP_Init        ble_host.lib(l2cap_task.o)
    0x11021f6c   0x11021f6c   0x00000034   Code   RO         3072    i.L2CAP_ParseParamUpdateReq  ble_host.lib(l2cap_util.o)
    0x11021fa0   0x11021fa0   0x00000034   Code   RO         2925    i.L2CAP_ProcessEvent  ble_host.lib(l2cap_task.o)
    0x11021fd4   0x11021fd4   0x00000024   Code   RO         3073    i.L2CAP_ReassemblePkt_Reset  ble_host.lib(l2cap_util.o)
    0x11021ff8   0x11021ff8   0x0000002c   Code   RO         2905    i.L2CAP_RegisterApp  ble_host.lib(l2cap_if.o)
    0x11022024   0x11022024   0x00000044   Code   RO         3074    i.L2CAP_SegmentPkt_Reset  ble_host.lib(l2cap_util.o)
    0x11022068   0x11022068   0x00000034   Code   RO         2906    i.L2CAP_SendData    ble_host.lib(l2cap_if.o)
    0x1102209c   0x1102209c   0x00000018   Code   RO         3075    i.L2CAP_bm_alloc    ble_host.lib(l2cap_util.o)
    0x110220b4   0x110220b4   0x00000044   Code   RO          406    i.NVIC_SetPriority  gpio.o
    0x110220f8   0x110220f8   0x00000044   Code   RO         3139    i.SM_CalcRandomAddr  ble_host.lib(sm_mgr.o)
    0x1102213c   0x1102213c   0x0000009a   Code   RO         3141    i.SM_GenerateAuthenSig  ble_host.lib(sm_mgr.o)
    0x110221d6   0x110221d6   0x00000002   PAD
    0x110221d8   0x110221d8   0x00000024   Code   RO         2999    i.SM_Init           ble_host.lib(sm_task.o)
    0x110221fc   0x110221fc   0x00000048   Code   RO         3000    i.SM_ProcessEvent   ble_host.lib(sm_task.o)
    0x11022244   0x11022244   0x00000020   Code   RO         2969    i.SM_ResponderInit  ble_host.lib(sm_rsppairing.o)
    0x11022264   0x11022264   0x000000ce   Code   RO         3144    i.SM_VerifyAuthenSig  ble_host.lib(sm_mgr.o)
    0x11022332   0x11022332   0x00000002   PAD
    0x11022334   0x11022334   0x0000017c   Code   RO         2129    i.SimpleBLEPeripheral_Init  simplebleperipheral.o
    0x110224b0   0x110224b0   0x00000068   Code   RO         2130    i.SimpleBLEPeripheral_ProcessEvent  simplebleperipheral.o
    0x11022518   0x11022518   0x0000003c   Code   RO         1976    i.SimpleProfile_AddService  sbpprofile_ota.o
    0x11022554   0x11022554   0x0000007c   Code   RO         2570    i.attSendMsg        ble_host.lib(att_util.o)
    0x110225d0   0x110225d0   0x0000001a   Code   RO         2687    i.disconnectNext    ble_host.lib(gap_linkmgr.o)
    0x110225ea   0x110225ea   0x00000032   Code   RO         2639    i.gapAddAddrAdj     ble_host.lib(gap_configmgr.o)
    0x1102261c   0x1102261c   0x00000054   Code   RO         2738    i.gapAllocAdvRecs   ble_host.lib(gap_peridevmgr.o)
    0x11022670   0x11022670   0x0000001e   Code   RO         2640    i.gapDetermineAddrType  ble_host.lib(gap_configmgr.o)
    0x1102268e   0x1102268e   0x00000048   Code   RO         3051    i.gapFindADType     ble_host.lib(gap_devmgr.o)
    0x110226d6   0x110226d6   0x00000002   PAD
    0x110226d8   0x110226d8   0x00000018   Code   RO         2743    i.gapFreeAdvertState  ble_host.lib(gap_peridevmgr.o)
    0x110226f0   0x110226f0   0x00000040   Code   RO         2688    i.gapFreeAuthLink   ble_host.lib(gap_linkmgr.o)
    0x11022730   0x11022730   0x00000018   Code   RO         2689    i.gapFreeEstLink    ble_host.lib(gap_linkmgr.o)
    0x11022748   0x11022748   0x0000001c   Code   RO         2641    i.gapGetDevAddress  ble_host.lib(gap_configmgr.o)
    0x11022764   0x11022764   0x0000000c   Code   RO         2642    i.gapGetDevAddressMode  ble_host.lib(gap_configmgr.o)
    0x11022770   0x11022770   0x0000000c   Code   RO         2643    i.gapGetIRK         ble_host.lib(gap_configmgr.o)
    0x1102277c   0x1102277c   0x0000000c   Code   RO         2644    i.gapGetSRK         ble_host.lib(gap_configmgr.o)
    0x11022788   0x11022788   0x0000000c   Code   RO         2645    i.gapGetSignCounter  ble_host.lib(gap_configmgr.o)
    0x11022794   0x11022794   0x00000028   Code   RO         2646    i.gapIncSignCounter  ble_host.lib(gap_configmgr.o)
    0x110227bc   0x110227bc   0x00000010   Code   RO         3052    i.gapIsAdvertising  ble_host.lib(gap_devmgr.o)
    0x110227cc   0x110227cc   0x0000012c   Code   RO         2690    i.gapPairingCompleteCB  ble_host.lib(gap_linkmgr.o)
    0x110228f8   0x110228f8   0x00000064   Code   RO         2691    i.gapPasskeyNeededCB  ble_host.lib(gap_linkmgr.o)
    0x1102295c   0x1102295c   0x00000090   Code   RO         2744    i.gapPeriProcessHCICmdCompleteEvt  ble_host.lib(gap_peridevmgr.o)
    0x110229ec   0x110229ec   0x00000080   Code   RO         2745    i.gapProcessAdvertisingEvt  ble_host.lib(gap_peridevmgr.o)
    0x11022a6c   0x11022a6c   0x00000014   Code   RO         2692    i.gapProcessConnUpdateCompleteEvt  ble_host.lib(gap_linkmgr.o)
    0x11022a80   0x11022a80   0x000000e0   Code   RO         2693    i.gapProcessConnectionCompleteEvt  ble_host.lib(gap_linkmgr.o)
    0x11022b60   0x11022b60   0x00000070   Code   RO         2694    i.gapProcessDisconnectCompleteEvt  ble_host.lib(gap_linkmgr.o)
    0x11022bd0   0x11022bd0   0x000000c0   Code   RO         2784    i.gapProcessHCICmdCompleteEvt  ble_host.lib(gap_task.o)
    0x11022c90   0x11022c90   0x0000002c   Code   RO         2647    i.gapProcessNewAddr  ble_host.lib(gap_configmgr.o)
    0x11022cbc   0x11022cbc   0x000000d4   Code   RO         2785    i.gapProcessOSALMsg  ble_host.lib(gap_task.o)
    0x11022d90   0x11022d90   0x0000006c   Code   RO         2648    i.gapProcessRandomAddrComplete  ble_host.lib(gap_configmgr.o)
    0x11022dfc   0x11022dfc   0x00000044   Code   RO         2649    i.gapReadBD_ADDRStatus  ble_host.lib(gap_configmgr.o)
    0x11022e40   0x11022e40   0x0000003c   Code   RO         2650    i.gapReadBufSizeCmdStatus  ble_host.lib(gap_configmgr.o)
    0x11022e7c   0x11022e7c   0x0000000c   Code   RO         2787    i.gapRegisterPeripheral  ble_host.lib(gap_task.o)
    0x11022e88   0x11022e88   0x000001e8   Code   RO         1533    i.gapRole_ProcessGAPMsg  peripheral.o
    0x11023070   0x11023070   0x00000080   Code   RO         1534    i.gapRole_ProcessOSALMsg  peripheral.o
    0x110230f0   0x110230f0   0x0000005c   Code   RO         1535    i.gapRole_startConnUpdate  peripheral.o
    0x1102314c   0x1102314c   0x00000044   Code   RO         2696    i.gapSendBondCompleteEvent  ble_host.lib(gap_linkmgr.o)
    0x11023190   0x11023190   0x00000048   Code   RO         2651    i.gapSendDeviceInitDoneEvent  ble_host.lib(gap_configmgr.o)
    0x110231d8   0x110231d8   0x00000048   Code   RO         2697    i.gapSendLinkUpdateEvent  ble_host.lib(gap_linkmgr.o)
    0x11023220   0x11023220   0x0000003c   Code   RO         2746    i.gapSendMakeDiscEvent  ble_host.lib(gap_peridevmgr.o)
    0x1102325c   0x1102325c   0x0000005c   Code   RO         2698    i.gapSendPairingReqEvent  ble_host.lib(gap_linkmgr.o)
    0x110232b8   0x110232b8   0x00000088   Code   RO         2747    i.gapSetAdvParams   ble_host.lib(gap_peridevmgr.o)
    0x11023340   0x11023340   0x0000002c   Code   RO         2748    i.gapSetAdvParamsStatus  ble_host.lib(gap_peridevmgr.o)
    0x1102336c   0x1102336c   0x00000052   Code   RO         2653    i.gapUpdateConnSignCounter  ble_host.lib(gap_configmgr.o)
    0x110233be   0x110233be   0x00000012   Code   RO         3054    i.gapValidADType    ble_host.lib(gap_devmgr.o)
    0x110233d0   0x110233d0   0x00000030   Code   RO         2749    i.gapWriteAdvDataStatus  ble_host.lib(gap_peridevmgr.o)
    0x11023400   0x11023400   0x000000b8   Code   RO         2750    i.gapWriteAdvEnableStatus  ble_host.lib(gap_peridevmgr.o)
    0x110234b8   0x110234b8   0x00000024   Code   RO         2815    i.gattFindServerInfo  ble_host.lib(gatt_server.o)
    0x110234dc   0x110234dc   0x0000002c   Code   RO         2816    i.gattGetServerStatus  ble_host.lib(gatt_server.o)
    0x11023508   0x11023508   0x00000052   Code   RO         2871    i.gattNotifyEvent   ble_host.lib(gatt_task.o)
    0x1102355a   0x1102355a   0x00000002   PAD
    0x1102355c   0x1102355c   0x0000001c   Code   RO         2817    i.gattProcessExchangeMTUReq  ble_host.lib(gatt_server.o)
    0x11023578   0x11023578   0x00000004   Code   RO         2818    i.gattProcessExecuteWriteReq  ble_host.lib(gatt_server.o)
    0x1102357c   0x1102357c   0x0000002c   Code   RO         2819    i.gattProcessFindByTypeValueReq  ble_host.lib(gatt_server.o)
    0x110235a8   0x110235a8   0x000000e8   Code   RO         2820    i.gattProcessFindInfoReq  ble_host.lib(gatt_server.o)
    0x11023690   0x11023690   0x00000048   Code   RO         2821    i.gattProcessReadByGrpTypeReq  ble_host.lib(gatt_server.o)
    0x110236d8   0x110236d8   0x0000002c   Code   RO         2822    i.gattProcessReadByTypeReq  ble_host.lib(gatt_server.o)
    0x11023704   0x11023704   0x00000048   Code   RO         2823    i.gattProcessReadMultiReq  ble_host.lib(gatt_server.o)
    0x1102374c   0x1102374c   0x0000001e   Code   RO         2824    i.gattProcessReadReq  ble_host.lib(gatt_server.o)
    0x1102376a   0x1102376a   0x00000002   PAD
    0x1102376c   0x1102376c   0x00000094   Code   RO         2872    i.gattProcessRxData  ble_host.lib(gatt_task.o)
    0x11023800   0x11023800   0x00000022   Code   RO         2825    i.gattProcessWriteReq  ble_host.lib(gatt_server.o)
    0x11023822   0x11023822   0x00000002   PAD
    0x11023824   0x11023824   0x0000000c   Code   RO         2874    i.gattRegisterServer  ble_host.lib(gatt_task.o)
    0x11023830   0x11023830   0x00000010   Code   RO         2826    i.gattResetServerInfo  ble_host.lib(gatt_server.o)
    0x11023840   0x11023840   0x0000000e   Code   RO         1648    i.gattServApp_FindAuthorizeAttrCB  gattservapp.o
    0x1102384e   0x1102384e   0x0000001c   Code   RO         1649    i.gattServApp_FindCharCfgItem  gattservapp.o
    0x1102386a   0x1102386a   0x00000002   PAD
    0x1102386c   0x1102386c   0x00000024   Code   RO         1650    i.gattServApp_FindPrepareWriteQ  gattservapp.o
    0x11023890   0x11023890   0x00000020   Code   RO         1651    i.gattServApp_FindServiceCBs  gattservapp.o
    0x110238b0   0x110238b0   0x0000005c   Code   RO         1652    i.gattServApp_HandleConnStatusCB  gattservapp.o
    0x1102390c   0x1102390c   0x00000088   Code   RO         1653    i.gattServApp_ProcessExecuteWriteReq  gattservapp.o
    0x11023994   0x11023994   0x000000f4   Code   RO         1654    i.gattServApp_ProcessFindByTypeValueReq  gattservapp.o
    0x11023a88   0x11023a88   0x0000015c   Code   RO         1655    i.gattServApp_ProcessMsg  gattservapp.o
    0x11023be4   0x11023be4   0x000000a0   Code   RO         1656    i.gattServApp_ProcessPrepareWriteReq  gattservapp.o
    0x11023c84   0x11023c84   0x00000158   Code   RO         1657    i.gattServApp_ProcessReadByGrpTypeReq  gattservapp.o
    0x11023ddc   0x11023ddc   0x00000140   Code   RO         1658    i.gattServApp_ProcessReadByTypeReq  gattservapp.o
    0x11023f1c   0x11023f1c   0x000000e0   Code   RO         1659    i.gattServApp_ProcessReadMultiReq  gattservapp.o
    0x11023ffc   0x11023ffc   0x0000007a   Code   RO         1660    i.gattServApp_ProcessWriteReq  gattservapp.o
    0x11024076   0x11024076   0x00000002   PAD
    0x11024078   0x11024078   0x00000078   Code   RO         1662    i.gattServApp_SetNumPrepareWrites  gattservapp.o
    0x110240f0   0x110240f0   0x00000034   Code   RO         1663    i.gattServApp_WriteAttrCB  gattservapp.o
    0x11024124   0x11024124   0x00000080   Code   RO         2827    i.gattServerHandleConnStatusCB  ble_host.lib(gatt_server.o)
    0x110241a4   0x110241a4   0x000000d0   Code   RO         2829    i.gattServerProcessMsgCB  ble_host.lib(gatt_server.o)
    0x11024274   0x11024274   0x00000018   Code   RO         2830    i.gattServiceLastHandle  ble_host.lib(gatt_server.o)
    0x1102428c   0x1102428c   0x0000001a   Code   RO         2876    i.gattStopTimer     ble_host.lib(gatt_task.o)
    0x110242a6   0x110242a6   0x00000002   PAD
    0x110242a8   0x110242a8   0x00000098   Code   RO         3145    i.generate_subkey   ble_host.lib(sm_mgr.o)
    0x11024340   0x11024340   0x000000c2   Code   RO         1435    i.ggs_ReadAttrCB    gapgattserver.o
    0x11024402   0x11024402   0x00000058   Code   RO         1436    i.ggs_SetAttrWPermit  gapgattserver.o
    0x1102445a   0x1102445a   0x00000002   PAD
    0x1102445c   0x1102445c   0x000000e4   Code   RO         1437    i.ggs_WriteAttrCB   gapgattserver.o
    0x11024540   0x11024540   0x00000018   Code   RO          407    i.hal_GPIO_IRQHandler  gpio.o
    0x11024558   0x11024558   0x00000030   Code   RO          408    i.hal_gpio_cfg_analog_io  gpio.o
    0x11024588   0x11024588   0x0000001c   Code   RO          412    i.hal_gpio_fmux     gpio.o
    0x110245a4   0x110245a4   0x00000060   Code   RO          414    i.hal_gpio_init     gpio.o
    0x11024604   0x11024604   0x00000040   Code   RO          415    i.hal_gpio_interrupt_enable  gpio.o
    0x11024644   0x11024644   0x0000001c   Code   RO          416    i.hal_gpio_pin2pin3_control  gpio.o
    0x11024660   0x11024660   0x00000060   Code   RO          417    i.hal_gpio_pin_init  gpio.o
    0x110246c0   0x110246c0   0x00000044   Code   RO          418    i.hal_gpio_pull_set  gpio.o
    0x11024704   0x11024704   0x00000024   Code   RO          419    i.hal_gpio_read     gpio.o
    0x11024728   0x11024728   0x0000005c   Code   RO          420    i.hal_gpio_retention_enable  gpio.o
    0x11024784   0x11024784   0x00000048   Code   RO          421    i.hal_gpio_sleep_handler  gpio.o
    0x110247cc   0x110247cc   0x00000044   Code   RO          422    i.hal_gpio_wakeup_control  gpio.o
    0x11024810   0x11024810   0x00000090   Code   RO          423    i.hal_gpio_wakeup_handler  gpio.o
    0x110248a0   0x110248a0   0x00000078   Code   RO          424    i.hal_gpio_wakeup_set  gpio.o
    0x11024918   0x11024918   0x00000024   Code   RO          425    i.hal_gpio_write    gpio.o
    0x1102493c   0x1102493c   0x00000064   Code   RO          427    i.hal_gpioin_enable  gpio.o
    0x110249a0   0x110249a0   0x00000068   Code   RO          428    i.hal_gpioin_event  gpio.o
    0x11024a08   0x11024a08   0x00000024   Code   RO          429    i.hal_gpioin_event_pin  gpio.o
    0x11024a2c   0x11024a2c   0x00000044   Code   RO         1858    i.handleConnStatusCB  ota_app_service.o
    0x11024a70   0x11024a70   0x0000002c   Code   RO         2751    i.isLimitedDiscoverableMode  ble_host.lib(gap_peridevmgr.o)
    0x11024a9c   0x11024a9c   0x00000038   Code   RO         3076    i.l2capAllocChannel  ble_host.lib(l2cap_util.o)
    0x11024ad4   0x11024ad4   0x0000002c   Code   RO         3080    i.l2capBuildParamUpdateReq  ble_host.lib(l2cap_util.o)
    0x11024b00   0x11024b00   0x000000b0   Code   RO         3081    i.l2capEncapSendData  ble_host.lib(l2cap_util.o)
    0x11024bb0   0x11024bb0   0x00000030   Code   RO         3082    i.l2capFindLocalId  ble_host.lib(l2cap_util.o)
    0x11024be0   0x11024be0   0x00000008   Code   RO         3083    i.l2capFreeChannel  ble_host.lib(l2cap_util.o)
    0x11024be8   0x11024be8   0x00000002   Code   RO         3084    i.l2capHandleRxError  ble_host.lib(l2cap_util.o)
    0x11024bea   0x11024bea   0x00000028   Code   RO         3085    i.l2capHandleTimerCB  ble_host.lib(l2cap_util.o)
    0x11024c12   0x11024c12   0x00000046   Code   RO         3086    i.l2capNotifyData   ble_host.lib(l2cap_util.o)
    0x11024c58   0x11024c58   0x0000004e   Code   RO         3087    i.l2capNotifySignal  ble_host.lib(l2cap_util.o)
    0x11024ca6   0x11024ca6   0x00000042   Code   RO         3088    i.l2capParseCmdReject  ble_host.lib(l2cap_util.o)
    0x11024ce8   0x11024ce8   0x000001a0   Code   RO         3091    i.l2capParsePacket  ble_host.lib(l2cap_util.o)
    0x11024e88   0x11024e88   0x00000016   Code   RO         3092    i.l2capParseParamUpdateRsp  ble_host.lib(l2cap_util.o)
    0x11024e9e   0x11024e9e   0x00000014   Code   RO         3093    i.l2capParseSignalHdr  ble_host.lib(l2cap_util.o)
    0x11024eb2   0x11024eb2   0x00000002   PAD
    0x11024eb4   0x11024eb4   0x00000104   Code   RO         3094    i.l2capPktToSegmentBuff  ble_host.lib(l2cap_util.o)
    0x11024fb8   0x11024fb8   0x00000068   Code   RO         2926    i.l2capProcessRsp   ble_host.lib(l2cap_task.o)
    0x11025020   0x11025020   0x00000094   Code   RO         2927    i.l2capProcessRxData  ble_host.lib(l2cap_task.o)
    0x110250b4   0x110250b4   0x000000a8   Code   RO         2928    i.l2capProcessSignal  ble_host.lib(l2cap_task.o)
    0x1102515c   0x1102515c   0x00000058   Code   RO         3095    i.l2capSarBufReset  ble_host.lib(l2cap_util.o)
    0x110251b4   0x110251b4   0x00000060   Code   RO         3096    i.l2capSendCmd      ble_host.lib(l2cap_util.o)
    0x11025214   0x11025214   0x0000007c   Code   RO         3097    i.l2capSendReq      ble_host.lib(l2cap_util.o)
    0x11025290   0x11025290   0x00000010   Code   RO         3098    i.l2capStopTimer    ble_host.lib(l2cap_util.o)
    0x110252a0   0x110252a0   0x0000001c   Code   RO         3146    i.leftshift_onebit  ble_host.lib(sm_mgr.o)
    0x110252bc   0x110252bc   0x00000058   Code   RO         2940    i.linkDB_Add        ble_host.lib(linkdb.o)
    0x11025314   0x11025314   0x0000004c   Code   RO         2941    i.linkDB_Authen     ble_host.lib(linkdb.o)
    0x11025360   0x11025360   0x00000028   Code   RO         2942    i.linkDB_Find       ble_host.lib(linkdb.o)
    0x11025388   0x11025388   0x00000038   Code   RO         2943    i.linkDB_FindFirst  ble_host.lib(linkdb.o)
    0x110253c0   0x110253c0   0x0000003c   Code   RO         2944    i.linkDB_Init       ble_host.lib(linkdb.o)
    0x110253fc   0x110253fc   0x00000024   Code   RO         2945    i.linkDB_NumActive  ble_host.lib(linkdb.o)
    0x11025420   0x11025420   0x00000024   Code   RO         2947    i.linkDB_Register   ble_host.lib(linkdb.o)
    0x11025444   0x11025444   0x00000036   Code   RO         2948    i.linkDB_Remove     ble_host.lib(linkdb.o)
    0x1102547a   0x1102547a   0x00000002   PAD
    0x1102547c   0x1102547c   0x00000024   Code   RO         2949    i.linkDB_State      ble_host.lib(linkdb.o)
    0x110254a0   0x110254a0   0x00000028   Code   RO         1859    i.load_ota_version  ota_app_service.o
    0x110254c8   0x110254c8   0x0000000c   Code   RO         1860    i.ota_ReadAttrCB    ota_app_service.o
    0x110254d4   0x110254d4   0x00000074   Code   RO         1861    i.ota_WriteAttrCB   ota_app_service.o
    0x11025548   0x11025548   0x00000034   Code   RO         1862    i.ota_app_AddService  ota_app_service.o
    0x1102557c   0x1102557c   0x00000014   Code   RO         1864    i.ota_disconnect_link  ota_app_service.o
    0x11025590   0x11025590   0x00000048   Code   RO         2131    i.peripheralStateNotificationCB  simplebleperipheral.o
    0x110255d8   0x110255d8   0x00000002   Code   RO         2132    i.peripheralStateReadRssiCB  simplebleperipheral.o
    0x110255da   0x110255da   0x00000002   PAD
    0x110255dc   0x110255dc   0x0000025c   Code   RO         1867    i.process_cmd       ota_app_service.o
    0x11025838   0x11025838   0x00000028   Code   RO         2951    i.reportStatusChange  ble_host.lib(linkdb.o)
    0x11025860   0x11025860   0x0000002e   Code   RO         1868    i.response          ota_app_service.o
    0x1102588e   0x1102588e   0x00000036   Code   RO         1869    i.response_rsp      ota_app_service.o
    0x110258c4   0x110258c4   0x000000ec   Code   RO         2699    i.sendAuthEvent     ble_host.lib(gap_linkmgr.o)
    0x110259b0   0x110259b0   0x0000005a   Code   RO         2700    i.sendEstLinkEvent  ble_host.lib(gap_linkmgr.o)
    0x11025a0a   0x11025a0a   0x00000002   PAD
    0x11025a0c   0x11025a0c   0x0000004c   Code   RO         1870    i.sendNotify        ota_app_service.o
    0x11025a58   0x11025a58   0x0000002a   Code   RO         2701    i.sendTerminateEvent  ble_host.lib(gap_linkmgr.o)
    0x11025a82   0x11025a82   0x00000002   PAD
    0x11025a84   0x11025a84   0x00000018   Code   RO         1871    i.set_ota_mode      ota_app_service.o
    0x11025a9c   0x11025a9c   0x00000030   Code   RO         1980    i.simpleProfile_HandleConnStatusCB  sbpprofile_ota.o
    0x11025acc   0x11025acc   0x00000054   Code   RO         1982    i.simpleProfile_ReadAttrCB  sbpprofile_ota.o
    0x11025b20   0x11025b20   0x00000094   Code   RO         1983    i.simpleProfile_WriteAttrCB  sbpprofile_ota.o
    0x11025bb4   0x11025bb4   0x00000018   Code   RO         3147    i.smAuthReqToUint8  ble_host.lib(sm_mgr.o)
    0x11025bcc   0x11025bcc   0x0000002c   Code   RO         3198    i.smDetermineKeySize  ble_host.lib(sm_pairing.o)
    0x11025bf8   0x11025bf8   0x00000010   Code   RO         3148    i.smEncrypt         ble_host.lib(sm_mgr.o)
    0x11025c08   0x11025c08   0x00000008   Code   RO         3149    i.smEncryptLocal    ble_host.lib(sm_mgr.o)
    0x11025c10   0x11025c10   0x00000034   Code   RO         3199    i.smEndPairing      ble_host.lib(sm_pairing.o)
    0x11025c44   0x11025c44   0x0000005c   Code   RO         3200    i.smFreePairingParams  ble_host.lib(sm_pairing.o)
    0x11025ca0   0x11025ca0   0x0000002c   Code   RO         3201    i.smGenerateConfirm  ble_host.lib(sm_pairing.o)
    0x11025ccc   0x11025ccc   0x00000040   Code   RO         3202    i.smGeneratePairingReqRsp  ble_host.lib(sm_pairing.o)
    0x11025d0c   0x11025d0c   0x00000026   Code   RO         3150    i.smGenerateRandBuf  ble_host.lib(sm_mgr.o)
    0x11025d32   0x11025d32   0x00000002   PAD
    0x11025d34   0x11025d34   0x0000002c   Code   RO         3203    i.smGenerateRandMsg  ble_host.lib(sm_pairing.o)
    0x11025d60   0x11025d60   0x00000020   Code   RO         3204    i.smLinkCheck       ble_host.lib(sm_pairing.o)
    0x11025d80   0x11025d80   0x00000040   Code   RO         3205    i.smNextPairingState  ble_host.lib(sm_pairing.o)
    0x11025dc0   0x11025dc0   0x00000014   Code   RO         3206    i.smPairingSendEncInfo  ble_host.lib(sm_pairing.o)
    0x11025dd4   0x11025dd4   0x00000028   Code   RO         3207    i.smPairingSendIdentityAddrInfo  ble_host.lib(sm_pairing.o)
    0x11025dfc   0x11025dfc   0x00000014   Code   RO         3208    i.smPairingSendIdentityInfo  ble_host.lib(sm_pairing.o)
    0x11025e10   0x11025e10   0x0000002c   Code   RO         3209    i.smPairingSendMasterID  ble_host.lib(sm_pairing.o)
    0x11025e3c   0x11025e3c   0x00000014   Code   RO         3210    i.smPairingSendSingingInfo  ble_host.lib(sm_pairing.o)
    0x11025e50   0x11025e50   0x0000009c   Code   RO         3211    i.smProcessDataMsg  ble_host.lib(sm_pairing.o)
    0x11025eec   0x11025eec   0x000000b4   Code   RO         3212    i.smProcessEncryptChange  ble_host.lib(sm_pairing.o)
    0x11025fa0   0x11025fa0   0x00000094   Code   RO         3001    i.smProcessOSALMsg  ble_host.lib(sm_task.o)
    0x11026034   0x11026034   0x0000007c   Code   RO         3152    i.smProcessRandComplete  ble_host.lib(sm_mgr.o)
    0x110260b0   0x110260b0   0x0000000c   Code   RO         3215    i.smRegisterResponder  ble_host.lib(sm_pairing.o)
    0x110260bc   0x110260bc   0x000000e4   Code   RO         2970    i.smResponderProcessLTKReq  ble_host.lib(sm_rsppairing.o)
    0x110261a0   0x110261a0   0x000001b8   Code   RO         2971    i.smResponderSendNextKeyInfo  ble_host.lib(sm_rsppairing.o)
    0x11026358   0x11026358   0x0000016c   Code   RO         3216    i.smSavePairInfo    ble_host.lib(sm_pairing.o)
    0x110264c4   0x110264c4   0x00000024   Code   RO         3217    i.smSendFailAndEnd  ble_host.lib(sm_pairing.o)
    0x110264e8   0x110264e8   0x00000046   Code   RO         3256    i.smSendSMMsg       ble_host.lib(smp.o)
    0x1102652e   0x1102652e   0x00000002   PAD
    0x11026530   0x11026530   0x00000040   Code   RO         3218    i.smSetPairingReqRsp  ble_host.lib(sm_pairing.o)
    0x11026570   0x11026570   0x0000004c   Code   RO         3153    i.smStartRspTimer   ble_host.lib(sm_mgr.o)
    0x110265bc   0x110265bc   0x0000000a   Code   RO         3002    i.smState_timerCB   ble_host.lib(sm_task.o)
    0x110265c6   0x110265c6   0x00000002   PAD
    0x110265c8   0x110265c8   0x00000020   Code   RO         3154    i.smStopRspTimer    ble_host.lib(sm_mgr.o)
    0x110265e8   0x110265e8   0x0000000a   Code   RO         3220    i.smTimedOut        ble_host.lib(sm_pairing.o)
    0x110265f2   0x110265f2   0x0000000a   Code   RO         3003    i.smTo_timerCB      ble_host.lib(sm_task.o)
    0x110265fc   0x110265fc   0x0000002c   Code   RO         3155    i.smUint8ToAuthReq  ble_host.lib(sm_mgr.o)
    0x11026628   0x11026628   0x00000154   Code   RO         3156    i.sm_CMAC           ble_host.lib(sm_mgr.o)
    0x1102677c   0x1102677c   0x00000044   Code   RO         3157    i.sm_ah             ble_host.lib(sm_mgr.o)
    0x110267c0   0x110267c0   0x00000098   Code   RO         3221    i.sm_c1             ble_host.lib(sm_pairing.o)
    0x11026858   0x11026858   0x000000c2   Code   RO         3158    i.sm_c1new          ble_host.lib(sm_mgr.o)
    0x1102691a   0x1102691a   0x00000040   Code   RO         3161    i.sm_s1             ble_host.lib(sm_mgr.o)
    0x1102695a   0x1102695a   0x0000001a   Code   RO         3162    i.sm_xor            ble_host.lib(sm_mgr.o)
    0x11026974   0x11026974   0x00000022   Code   RO         3257    i.smpBuildEncInfo   ble_host.lib(smp.o)
    0x11026996   0x11026996   0x00000026   Code   RO         3258    i.smpBuildIdentityAddrInfo  ble_host.lib(smp.o)
    0x110269bc   0x110269bc   0x00000022   Code   RO         3259    i.smpBuildIdentityInfo  ble_host.lib(smp.o)
    0x110269de   0x110269de   0x0000002e   Code   RO         3260    i.smpBuildMasterID  ble_host.lib(smp.o)
    0x11026a0c   0x11026a0c   0x00000022   Code   RO         3261    i.smpBuildPairingConfirm  ble_host.lib(smp.o)
    0x11026a2e   0x11026a2e   0x00000018   Code   RO         3262    i.smpBuildPairingFailed  ble_host.lib(smp.o)
    0x11026a46   0x11026a46   0x00000022   Code   RO         3263    i.smpBuildPairingRandom  ble_host.lib(smp.o)
    0x11026a68   0x11026a68   0x0000000e   Code   RO         3264    i.smpBuildPairingReq  ble_host.lib(smp.o)
    0x11026a76   0x11026a76   0x00000084   Code   RO         3265    i.smpBuildPairingReqRsp  ble_host.lib(smp.o)
    0x11026afa   0x11026afa   0x0000000e   Code   RO         3266    i.smpBuildPairingRsp  ble_host.lib(smp.o)
    0x11026b08   0x11026b08   0x00000022   Code   RO         3268    i.smpBuildSigningInfo  ble_host.lib(smp.o)
    0x11026b2a   0x11026b2a   0x0000001e   Code   RO         3269    i.smpParseEncInfo   ble_host.lib(smp.o)
    0x11026b48   0x11026b48   0x00000022   Code   RO         3270    i.smpParseIdentityAddrInfo  ble_host.lib(smp.o)
    0x11026b6a   0x11026b6a   0x0000001e   Code   RO         3271    i.smpParseIdentityInfo  ble_host.lib(smp.o)
    0x11026b88   0x11026b88   0x00000028   Code   RO         3272    i.smpParseMasterID  ble_host.lib(smp.o)
    0x11026bb0   0x11026bb0   0x0000001e   Code   RO         3273    i.smpParsePairingConfirm  ble_host.lib(smp.o)
    0x11026bce   0x11026bce   0x00000020   Code   RO         3274    i.smpParsePairingFailed  ble_host.lib(smp.o)
    0x11026bee   0x11026bee   0x0000001e   Code   RO         3275    i.smpParsePairingRandom  ble_host.lib(smp.o)
    0x11026c0c   0x11026c0c   0x000000d4   Code   RO         3276    i.smpParsePairingReq  ble_host.lib(smp.o)
    0x11026ce0   0x11026ce0   0x0000001c   Code   RO         3277    i.smpParseSecurityReq  ble_host.lib(smp.o)
    0x11026cfc   0x11026cfc   0x0000001e   Code   RO         3278    i.smpParseSigningInfo  ble_host.lib(smp.o)
    0x11026d1a   0x11026d1a   0x00000002   PAD
    0x11026d1c   0x11026d1c   0x00000050   Code   RO         3222    i.smpProcessIncoming  ble_host.lib(sm_pairing.o)
    0x11026d6c   0x11026d6c   0x00000050   Code   RO         2972    i.smpResponderProcessEncryptionInformation  ble_host.lib(sm_rsppairing.o)
    0x11026dbc   0x11026dbc   0x00000048   Code   RO         2973    i.smpResponderProcessIdentityAddrInfo  ble_host.lib(sm_rsppairing.o)
    0x11026e04   0x11026e04   0x00000044   Code   RO         2974    i.smpResponderProcessIdentityInfo  ble_host.lib(sm_rsppairing.o)
    0x11026e48   0x11026e48   0x000000b4   Code   RO         2975    i.smpResponderProcessIncoming  ble_host.lib(sm_rsppairing.o)
    0x11026efc   0x11026efc   0x00000064   Code   RO         2976    i.smpResponderProcessMasterID  ble_host.lib(sm_rsppairing.o)
    0x11026f60   0x11026f60   0x0000004c   Code   RO         2977    i.smpResponderProcessPairingConfirm  ble_host.lib(sm_rsppairing.o)
    0x11026fac   0x11026fac   0x00000058   Code   RO         2978    i.smpResponderProcessPairingRandom  ble_host.lib(sm_rsppairing.o)
    0x11027004   0x11027004   0x000000b8   Code   RO         2979    i.smpResponderProcessPairingReq  ble_host.lib(sm_rsppairing.o)
    0x110270bc   0x110270bc   0x00000054   Code   RO         2980    i.smpResponderProcessSigningInfo  ble_host.lib(sm_rsppairing.o)
    0x11027110   0x11027110   0x00000016   Code   RO         3163    i.xor_128           ble_host.lib(sm_mgr.o)
    0x11027126   0x11027126   0x0000008a   Data   RO          436    .constdata          gpio.o
    0x110271b0   0x110271b0   0x00000008   Data   RO         1439    .constdata          gapgattserver.o
    0x110271b8   0x110271b8   0x0000000c   Data   RO         1440    .constdata          gapgattserver.o
    0x110271c4   0x110271c4   0x00000008   Data   RO         1665    .constdata          gattservapp.o
    0x110271cc   0x110271cc   0x0000000c   Data   RO         1666    .constdata          gattservapp.o
    0x110271d8   0x110271d8   0x00000010   Data   RO         1873    .constdata          ota_app_service.o
    0x110271e8   0x110271e8   0x00000010   Data   RO         1874    .constdata          ota_app_service.o
    0x110271f8   0x110271f8   0x00000010   Data   RO         1875    .constdata          ota_app_service.o
    0x11027208   0x11027208   0x00000008   Data   RO         1876    .constdata          ota_app_service.o
    0x11027210   0x11027210   0x00000010   Data   RO         1877    .constdata          ota_app_service.o
    0x11027220   0x11027220   0x00000002   Data   RO         1985    .constdata          sbpprofile_ota.o
    0x11027222   0x11027222   0x00000002   Data   RO         1986    .constdata          sbpprofile_ota.o
    0x11027224   0x11027224   0x00000002   Data   RO         1987    .constdata          sbpprofile_ota.o
    0x11027226   0x11027226   0x00000002   PAD
    0x11027228   0x11027228   0x00000008   Data   RO         1988    .constdata          sbpprofile_ota.o
    0x11027230   0x11027230   0x0000000c   Data   RO         1989    .constdata          sbpprofile_ota.o
    0x1102723c   0x1102723c   0x00000010   Data   RO         2571    .constdata          ble_host.lib(att_util.o)
    0x1102724c   0x1102724c   0x00000060   Data   RO         2831    .constdata          ble_host.lib(gatt_server.o)
    0x110272ac   0x110272ac   0x0000002a   Data   RO         2893    .constdata          ble_host.lib(gatt_uuid.o)
    0x110272d6   0x110272d6   0x00000010   Data   RO         3165    .constdata          ble_host.lib(sm_mgr.o)
    0x110272e6   0x110272e6   0x00000019   Data   RO         3223    .constdata          ble_host.lib(sm_pairing.o)


==============================================================================

Image component sizes


      Code (inc. data)   RO Data    RW Data    ZI Data      Debug   Object Name

       250         38          0          0          0       2800   clock.o
       928         90          0         28          0      14558   flash.o
       852         34          0          8         20       7280   fs.o
        62         16          0          0          0      11141   gap.o
       678         44         20        131         22      18342   gapgattserver.o
      3388        188         20         97        744      28111   gattservapp.o
      1328        148        138          0        300      20907   gpio.o
       200        108       1024       1028          0       2078   jump_table.o
       416         64         30          1       5220      83267   main.o
       104          4         41          4          0       2164   osal_simplebleperipheral.o
      1112        106         72        112        114      13218   ota_app_service.o
      1960        156          0         97         63      14104   peripheral.o
       616         88          0         38        120       8332   pwrmgr.o
       340         46         26        165         40       5390   sbpprofile_ota.o
       558         50          0         71        444       5651   simplebleperipheral.o
        20          0          0          0          0        519   simplebleperipheral_main.o
        20         10          8          0       1024        448   startup_armcm0.o
        16          8          0          4          0        743   system_armcm0.o
        72         16          0          4          0       2181   timer.o
       332         16         12          0         64       2980   uart.o
       220         32          0          1          0       2266   watchdog.o

    ----------------------------------------------------------------------
     15566       1954       1478       1808       8176     246480   Object Totals
      2076        692         80          0          0          0   (incl. Generated)
        18          0          7         19          1          0   (incl. Padding)

    ----------------------------------------------------------------------

      Code (inc. data)   RO Data    RW Data    ZI Data      Debug   Library Member Name

       336         64          0          0          0        888   att_server.o
      1250         36         16         12          0       1940   att_util.o
       806        110          0         90         28       1184   gap_configmgr.o
       106          4          0          8          0        200   gap_devmgr.o
      1598         54          0         16          0       1136   gap_linkmgr.o
      1360        168          0         28          0       1012   gap_peridevmgr.o
       692         74          0         12          0        472   gap_task.o
      1774        106         96         16          0       1764   gatt_server.o
       394         22          0         12          0        500   gatt_task.o
         0          0         42          0          0          0   gatt_uuid.o
       168         18          0          1          0        336   l2cap_if.o
       544         22          0          1         46        384   l2cap_task.o
      2052         74          0          4        160       1788   l2cap_util.o
       522         50          0          0         60        688   linkdb.o
      1684         30         16          4         15       1404   sm_mgr.o
      1634        138         25         12          0       1584   sm_pairing.o
      1632         88          0         12         15        908   sm_rsppairing.o
       276         32          0          1          0        348   sm_task.o
      1004          6          0          0          0       1496   smp.o
        86          0          0          0          0          0   __dczerorl2.o
         0          0          0          0          0          0   entry.o
         0          0          0          0          0          0   entry10a.o
         0          0          0          0          0          0   entry11a.o
         8          4          0          0          0          0   entry2.o
         4          0          0          0          0          0   entry5.o
         0          0          0          0          0          0   entry7b.o
         0          0          0          0          0          0   entry8b.o
         8          4          0          0          0          0   entry9a.o
        30          0          0          0          0          0   handlers.o
        36          8          0          0          0         68   init.o
       510          8          0          0          0        228   printf3.o
      6532        884          0         32         32       3012   patch.o
       224         36         17          5         16        276   phy_sec_ext.o
      1856        376          0          0          0        732   rf_phy_driver.o

    ----------------------------------------------------------------------
     27172       2416        216        272        376      22348   Library Totals
        46          0          4          6          4          0   (incl. Padding)

    ----------------------------------------------------------------------

      Code (inc. data)   RO Data    RW Data    ZI Data      Debug   Library Name

     17832       1096        195        229        324      18032   ble_host.lib
       682         24          0          0          0        296   mc_p.l
      8612       1296         17         37         48       4020   rf.lib

    ----------------------------------------------------------------------
     27172       2416        216        272        376      22348   Library Totals

    ----------------------------------------------------------------------

==============================================================================


      Code (inc. data)   RO Data    RW Data    ZI Data      Debug   

     42738       4370       1694       2080       8552     250080   Grand Totals
     42738       4370       1694        404       8552     250080   ELF Image Totals (compressed)
     42738       4370       1694        404          0          0   ROM Totals

==============================================================================

    Total RO  Size (Code + RO Data)                44432 (  43.39kB)
    Total RW  Size (RW Data + ZI Data)             10632 (  10.38kB)
    Total ROM Size (Code + RO Data + RW Data)      44836 (  43.79kB)

==============================================================================

