<html>
<body>
<pre>
<h1>µVision Build Log</h1>
<h2>Tool Versions:</h2>
IDE-Version: µVision V5.31.0.0
Copyright (C) 2020 ARM Ltd and ARM Germany GmbH. All rights reserved.
License Information: x x, x, LIC=W96DY-I3JQQ-E0HN4-FL5LD-CNL0A-PAADK
 
Tool Versions:
Toolchain:       MDK-ARM Professional  Version: 5.31.0.0
Toolchain Path:  C:\Keil_v5\ARM\ARMCC\Bin
C Compiler:      Armcc.exe V5.06 update 6 (build 750)
Assembler:       Armasm.exe V5.06 update 6 (build 750)
Linker/Locator:  ArmLink.exe V5.06 update 6 (build 750)
Library Manager: ArmAr.exe V5.06 update 6 (build 750)
Hex Converter:   FromElf.exe V5.06 update 6 (build 750)
CPU DLL:         SARMCM3.DLL V5.31.0.0
Dialog DLL:      DARMCM1.DLL V1.19.3.0
Target DLL:      UL2CM3.DLL V1.163.4.0
Dialog DLL:      TARMCM1.DLL V1.14.2.0
 
<h2>Project:</h2>
Z:\home\lars\temp\Lenze\st17h66_FindMy\example\ble_peripheral\simpleBlePeripheral_low_power\simpleBlePeripheral.uvprojx
Project File Date:  08/09/2022

<h2>Output:</h2>
*** Using Compiler 'V5.06 update 6 (build 750)', folder: 'C:\Keil_v5\ARM\ARMCC\Bin'
Build target 'Target 1'
compiling main.c...
main.c(209): warning:  #177-D: function "rf_DTM_RX_rfoffset_calibration"  was declared but never referenced
  static	void	rf_DTM_RX_rfoffset_calibration(void)
main.c: 1 warning, 0 errors
compiling uart.c...
compiling clock.c...
compiling gpio.c...
compiling timer.c...
compiling my_printf.c...
compiling watchdog.c...
compiling pwrmgr.c...
..\..\..\components\driver\pwrmgr\pwrmgr.c(37): warning:  #1215-D: #warning directive: "ENABLE LOW CURRENT LDO FOR SRAM RETENTION !!!"
      #warning "ENABLE LOW CURRENT LDO FOR SRAM RETENTION !!!"
..\..\..\components\driver\pwrmgr\pwrmgr.c: 1 warning, 0 errors
compiling key.c...
compiling pwm.c...
compiling osal_snv.c...
compiling flash.c...
compiling led_light.c...
compiling gap.c...
compiling fs.c...
compiling gapgattserver.c...
compiling peripheral.c...
compiling gattservapp.c...
compiling sbpProfile_ota.c...
source\sbpProfile_ota.c(79): warning:  #550-D: variable "ReadNotify_Len"  was set but never used
  static	uint8	ReadNotify_Len		=	0;
source\sbpProfile_ota.c: 1 warning, 0 errors
compiling ota_app_service.c...
..\..\..\components\profiles\ota_app\ota_app_service.c(35): warning:  #550-D: variable "ota_key_register_flag"  was set but never used
  static uint8 ota_key_register_flag=0;
..\..\..\components\profiles\ota_app\ota_app_service.c: 1 warning, 0 errors
compiling SimpleBLEPeripheral_Main.c...
compiling jump_table.c...
assembling startup_ARMCM0.s...
compiling OSAL_SimpleBLEPeripheral.c...
compiling simpleBLEPeripheral.c...
source\simpleBLEPeripheral.c(281): warning:  #177-D: variable "OTA_Passward_AscII"  was declared but never referenced
  	uint8	OTA_Passward_AscII[8]	=	{'R','G','B','L','i','g','h','t'};
source\simpleBLEPeripheral.c(384): warning:  #550-D: variable "pHciMsg"  was set but never used
  	hciEvt_CmdComplete_t *pHciMsg;
source\simpleBLEPeripheral.c(164): warning:  #177-D: variable "simpleBLEPeripheral_SimpleProfileCBs"  was declared but never referenced
  static simpleProfileCBs_t simpleBLEPeripheral_SimpleProfileCBs =
source\simpleBLEPeripheral.c: 3 warnings, 0 errors
compiling system_ARMCM0.c...
linking...
.\scatter_load.sct(46): warning: L6329W: Pattern my_printf.o(RO) only matches removed unused sections.
Program Size: Code=42738 RO-data=1694 RW-data=2080 ZI-data=8552  
Finished: 0 information, 1 warning and 0 error messages.
FromELF: creating hex file...
After Build - User command #1: fromelf.exe .\Objects\simpleBlePeripheral.axf --i32combined --output .\bin\simpleBlePeripheral.hex
After Build - User command #2: fromelf -c -a -d -e -v -o simpleBlePeripheral.asm ./Objects/simpleBlePeripheral.axf
".\Objects\simpleBlePeripheral.axf" - 0 Error(s), 8 Warning(s).

<h2>Software Packages used:</h2>

Package Vendor: ARM
                http://www.keil.com/pack/ARM.CMSIS.4.5.0.pack
                ARM.CMSIS.4.5.0
                CMSIS (Cortex Microcontroller Software Interface Standard)
   * Component: CORE Version: 4.3.0
   * Component: Startup Version: 1.0.1

<h2>Collection of Component include folders:</h2>
  .\RTE\_Target_1
  C:\Keil_v5\ARM\PACK\ARM\CMSIS\4.5.0\CMSIS\Include
  C:\Keil_v5\ARM\PACK\ARM\CMSIS\4.5.0\Device\ARM\ARMCM0\Include

<h2>Collection of Component Files used:</h2>

   * Component: ARM::CMSIS:CORE:4.3.0

   * Component: ARM::Device:Startup:1.0.1
      Include file:  Device\ARM\ARMCM0\Include\ARMCM0.h
      Source file:   Device\ARM\ARMCM0\Source\ARM\startup_ARMCM0.s
      Source file:   Device\ARM\ARMCM0\Source\system_ARMCM0.c
Build Time Elapsed:  00:00:00
</pre>
</body>
</html>
